 libMatlabCppSharedLib9_14

 Timestamp is 09c4a93c (reproducible build file hash)

 Preferred load address is 0000000180000000

 Start         Length     Name                   Class
 0001:00000000 000069b0H .text$mn                CODE
 0001:000069b0 00000040H .text$mn$00             CODE
 0001:000069f0 0000028eH .text$x                 CODE
 0002:00000000 00000298H .idata$5                DATA
 0002:00000298 00000028H .00cfg                  DATA
 0002:000002c0 00000008H .CRT$XCA                DATA
 0002:000002c8 00000008H .CRT$XCZ                DATA
 0002:000002d0 00000008H .CRT$XIA                DATA
 0002:000002d8 00000008H .CRT$XIZ                DATA
 0002:000002e0 00000008H .CRT$XPA                DATA
 0002:000002e8 00000008H .CRT$XPZ                DATA
 0002:000002f0 00000008H .CRT$XTA                DATA
 0002:000002f8 00000008H .CRT$XTZ                DATA
 0002:00000300 00000000H .gehcont$y              DATA
 0002:00000300 00000000H .gfids$y                DATA
 0002:00000300 00000600H .rdata                  DATA
 0002:00000900 00000008H .rdata$CastGuardVftablesA DATA
 0002:00000908 00000008H .rdata$CastGuardVftablesC DATA
 0002:00000910 000001f4H .rdata$r                DATA
 0002:00000b04 00000038H .rdata$voltmd           DATA
 0002:00000b3c 0000034cH .rdata$zzzdbg           DATA
 0002:00000e88 00000008H .rtc$IAA                DATA
 0002:00000e90 00000008H .rtc$IZZ                DATA
 0002:00000e98 00000008H .rtc$TAA                DATA
 0002:00000ea0 00000008H .rtc$TZZ                DATA
 0002:00000ea8 00000fd0H .xdata                  DATA
 0002:00001e78 000000f8H .xdata$x                DATA
 0002:00001f70 00000334H .edata                  DATA
 0002:000022a4 000000a0H .idata$2                DATA
 0002:00002344 00000014H .idata$3                DATA
 0002:00002358 00000298H .idata$4                DATA
 0002:000025f0 000008a0H .idata$6                DATA
 0003:00000000 00000048H .data                   DATA
 0003:00000048 00000080H .data$r                 DATA
 0003:000000c8 00000028H .data$rs                DATA
 0003:000000f0 00001578H .bss                    DATA
 0004:00000000 0000090cH .pdata                  DATA

  Address         Publics by Value              Rva+Base               Lib:Object

 0000:00000000       __x64_code_ranges_to_entry_points_count 0000000000000000     <absolute>
 0000:00000000       __AbsoluteZero             0000000000000000     <absolute>
 0000:00000000       __arm64x_extra_rfe_table_size 0000000000000000     <absolute>
 0000:00000000       ___safe_se_handler_count   0000000000000000     <absolute>
 0000:00000000       ___safe_se_handler_table   0000000000000000     <absolute>
 0000:00000000       __guard_check_icall_a64n_fptr 0000000000000000     <absolute>
 0000:00000000       __guard_iat_table          0000000000000000     <absolute>
 0000:00000000       __hybrid_auxiliary_iat     0000000000000000     <absolute>
 0000:00000000       __guard_fids_count         0000000000000000     <absolute>
 0000:00000000       __guard_longjmp_count      0000000000000000     <absolute>
 0000:00000000       __hybrid_auxiliary_iat_copy 0000000000000000     <absolute>
 0000:00000000       __arm64x_extra_rfe_table   0000000000000000     <absolute>
 0000:00000000       __arm64x_redirection_metadata_count 0000000000000000     <absolute>
 0000:00000000       __enclave_config           0000000000000000     <absolute>
 0000:00000000       __x64_code_ranges_to_entry_points 0000000000000000     <absolute>
 0000:00000000       __guard_iat_count          0000000000000000     <absolute>
 0000:00000000       __guard_eh_cont_count      0000000000000000     <absolute>
 0000:00000000       __hybrid_code_map_count    0000000000000000     <absolute>
 0000:00000000       __guard_eh_cont_table      0000000000000000     <absolute>
 0000:00000000       __hybrid_code_map          0000000000000000     <absolute>
 0000:00000000       __arm64x_native_entrypoint 0000000000000000     <absolute>
 0000:00000000       __dynamic_value_reloc_table 0000000000000000     <absolute>
 0000:00000000       __arm64x_redirection_metadata 0000000000000000     <absolute>
 0000:00000000       __guard_longjmp_table      0000000000000000     <absolute>
 0000:00000000       __guard_fids_table         0000000000000000     <absolute>
 0000:00000100       __guard_flags              0000000000000100     <absolute>
 0000:00000000       __ImageBase                0000000180000000     <linker-defined>
 0001:00000000       ??$?0$$V@?$_Compressed_pair@V?$allocator@D@std@@V?$_String_val@U?$_Simple_types@D@std@@@2@$00@std@@QEAA@U_Zero_then_variadic_args_t@1@@Z 0000000180001000 f i cppsharedlib_api.obj
 0001:00000020       ??$?0$$V@?$_Compressed_pair@V?$allocator@_S@std@@V?$_String_val@U?$_Simple_types@_S@std@@@2@$00@std@@QEAA@U_Zero_then_variadic_args_t@1@@Z 0000000180001020 f i cppsharedlib_api.obj
 0001:00000040       ??$?0AEBV?$allocator@V?$basic_string@_SU?$char_traits@_S@std@@V?$allocator@_S@2@@std@@@std@@$$V@?$_Compressed_pair@V?$allocator@V?$basic_string@_SU?$char_traits@_S@std@@V?$allocator@_S@2@@std@@@std@@V?$_Vector_val@U?$_Simple_types@V?$basic_string@_SU?$char_traits@_S@std@@V?$allocator@_S@2@@std@@@std@@@2@$00@std@@QEAA@U_One_then_variadic_args_t@1@AEBV?$allocator@V?$basic_string@_SU?$char_traits@_S@std@@V?$allocator@_S@2@@std@@@1@@Z 0000000180001040 f i cppsharedlib_api.obj
 0001:00000060       ??$?6U?$char_traits@D@std@@@std@@YAAEAV?$basic_ostream@DU?$char_traits@D@std@@@0@AEAV10@PEBD@Z 0000000180001060 f i cppsharedlib_api.obj
 0001:00000230       ??$?8_SU?$char_traits@_S@std@@V?$allocator@_S@1@@std@@YA_NAEBV?$basic_string@_SU?$char_traits@_S@std@@V?$allocator@_S@2@@0@QEB_S@Z 0000000180001230 f i cppsharedlib_api.obj
 0001:00000290       ??$_Allocate@$0BA@U_Default_allocate_traits@std@@$0A@@std@@YAPEAX_K@Z 0000000180001290 f i cppsharedlib_api.obj
 0001:000002f0       ??$_Allocate_manually_vector_aligned@U_Default_allocate_traits@std@@@std@@YAPEAX_K@Z 00000001800012f0 f i cppsharedlib_api.obj
 0001:00000330       ??$_Construct_in_place@PEADAEBQEAD@std@@YAXAEAPEADAEBQEAD@Z 0000000180001330 f i cppsharedlib_api.obj
 0001:00000340       ??$_Construct_in_place@PEA_SAEAPEA_S@std@@YAXAEAPEA_S0@Z 0000000180001340 f i cppsharedlib_api.obj
 0001:00000350       ??$_Construct_in_place@PEA_SAEBQEA_S@std@@YAXAEAPEA_SAEBQEA_S@Z 0000000180001350 f i cppsharedlib_api.obj
 0001:00000360       ??$_Construct_n_copies_of_ty@U_Value_init_tag@std@@@?$vector@V?$basic_string@_SU?$char_traits@_S@std@@V?$allocator@_S@2@@std@@V?$allocator@V?$basic_string@_SU?$char_traits@_S@std@@V?$allocator@_S@2@@std@@@2@@std@@AEAAX_KAEBU_Value_init_tag@1@@Z 0000000180001360 f i cppsharedlib_api.obj
 0001:00000450       ??$_Convert_size@_K@std@@YA_K_K@Z 0000000180001450 f i cppsharedlib_api.obj
 0001:00000460       ??$_Deallocate@$0BA@$0A@@std@@YAXPEAX_K@Z 0000000180001460 f i cppsharedlib_api.obj
 0001:000004a0       ??$_Destroy_in_place@PEAD@std@@YAXAEAPEAD@Z 00000001800014a0 f i cppsharedlib_api.obj
 0001:000004b0       ??$_Destroy_in_place@PEA_S@std@@YAXAEAPEA_S@Z 00000001800014b0 f i cppsharedlib_api.obj
 0001:000004c0       ??$_Destroy_range@V?$allocator@V?$basic_string@_SU?$char_traits@_S@std@@V?$allocator@_S@2@@std@@@std@@@std@@YAXPEAV?$basic_string@_SU?$char_traits@_S@std@@V?$allocator@_S@2@@0@QEAV10@AEAV?$allocator@V?$basic_string@_SU?$char_traits@_S@std@@V?$allocator@_S@2@@std@@@0@@Z 00000001800014c0 f i cppsharedlib_api.obj
 0001:00000500       ??$_Emplace_back@$$V@?$_Uninitialized_backout_al@V?$allocator@V?$basic_string@_SU?$char_traits@_S@std@@V?$allocator@_S@2@@std@@@std@@@std@@QEAAXXZ 0000000180001500 f i cppsharedlib_api.obj
 0001:00000520       ??$_Get_size_of_n@$00@std@@YA_K_K@Z 0000000180001520 f i cppsharedlib_api.obj
 0001:00000530       ??$_Get_size_of_n@$01@std@@YA_K_K@Z 0000000180001530 f i cppsharedlib_api.obj
 0001:00000560       ??$_Get_size_of_n@$0CA@@std@@YA_K_K@Z 0000000180001560 f i cppsharedlib_api.obj
 0001:00000590       ??$_Getvals@_W@?$time_get@DV?$istreambuf_iterator@DU?$char_traits@D@std@@@std@@@std@@IEAAX_WAEBV_Locinfo@1@@Z 0000000180001590 f i cppsharedlib_api.obj
 0001:00000650       ??$_Getvals@_W@?$time_get@_WV?$istreambuf_iterator@_WU?$char_traits@_W@std@@@std@@@std@@IEAAX_WAEBV_Locinfo@1@@Z 0000000180001650 f i cppsharedlib_api.obj
 0001:00000710       ??$_Maklocstr@D@std@@YAPEADPEBDPEADAEBU_Cvtvec@@@Z 0000000180001710 f i cppsharedlib_api.obj
 0001:00000790       ??$_Maklocstr@_W@std@@YAPEA_WPEBDPEA_WAEBU_Cvtvec@@@Z 0000000180001790 f i cppsharedlib_api.obj
 0001:000008a0       ??$_Pocma@V?$allocator@_S@std@@@std@@YAXAEAV?$allocator@_S@0@0@Z 00000001800018a0 f i cppsharedlib_api.obj
 0001:000008b0       ??$_Reallocate_for@V<lambda_66f57f934f28d61049862f64df852ff0>@@PEBD@?$basic_string@DU?$char_traits@D@std@@V?$allocator@D@2@@std@@AEAAAEAV01@_KV<lambda_66f57f934f28d61049862f64df852ff0>@@PEBD@Z 00000001800018b0 f i cppsharedlib_api.obj
 0001:000009f0       ??$_Reallocate_for@V<lambda_9f40189620cfe4223adcbc34f0d42913>@@PEB_S@?$basic_string@_SU?$char_traits@_S@std@@V?$allocator@_S@2@@std@@AEAAAEAV01@_KV<lambda_9f40189620cfe4223adcbc34f0d42913>@@PEB_S@Z 00000001800019f0 f i cppsharedlib_api.obj
 0001:00000af0       ??$_Reallocate_grow_by@V<lambda_65e615be2a453ca0576c979606f46740>@@PEBD_K@?$basic_string@DU?$char_traits@D@std@@V?$allocator@D@2@@std@@AEAAAEAV01@_KV<lambda_65e615be2a453ca0576c979606f46740>@@PEBD_K@Z 0000000180001af0 f i cppsharedlib_api.obj
 0001:00000c80       ??$_Traits_equal@U?$char_traits@_S@std@@@std@@YA_NQEB_S_K01@Z 0000000180001c80 f i cppsharedlib_api.obj
 0001:00000cb0       ??$_Unfancy@D@std@@YAPEADPEAD@Z 0000000180001cb0 f i cppsharedlib_api.obj
 0001:00000cc0       ??$_Unfancy@V?$basic_string@_SU?$char_traits@_S@std@@V?$allocator@_S@2@@std@@@std@@YAPEAV?$basic_string@_SU?$char_traits@_S@std@@V?$allocator@_S@2@@0@PEAV10@@Z 0000000180001cc0 f i cppsharedlib_api.obj
 0001:00000cd0       ??$_Unfancy@_S@std@@YAPEA_SPEA_S@Z 0000000180001cd0 f i cppsharedlib_api.obj
 0001:00000ce0       ??$_Uninitialized_value_construct_n@V?$allocator@V?$basic_string@_SU?$char_traits@_S@std@@V?$allocator@_S@2@@std@@@std@@@std@@YAPEAV?$basic_string@_SU?$char_traits@_S@std@@V?$allocator@_S@2@@0@PEAV10@_KAEAV?$allocator@V?$basic_string@_SU?$char_traits@_S@std@@V?$allocator@_S@2@@std@@@0@@Z 0000000180001ce0 f i cppsharedlib_api.obj
 0001:00000d10       ??$_Voidify_iter@PEAPEAD@std@@YAPEAXPEAPEAD@Z 0000000180001d10 f i cppsharedlib_api.obj
 0001:00000d20       ??$_Voidify_iter@PEAPEA_S@std@@YAPEAXPEAPEA_S@Z 0000000180001d20 f i cppsharedlib_api.obj
 0001:00000d30       ??$_Voidify_iter@PEAV?$basic_string@_SU?$char_traits@_S@std@@V?$allocator@_S@2@@std@@@std@@YAPEAXPEAV?$basic_string@_SU?$char_traits@_S@std@@V?$allocator@_S@2@@0@@Z 0000000180001d30 f i cppsharedlib_api.obj
 0001:00000d40       ??$addressof@$$CBV?$_String_val@U?$_Simple_types@_S@std@@@std@@@std@@YAPEBV?$_String_val@U?$_Simple_types@_S@std@@@0@AEBV10@@Z 0000000180001d40 f i cppsharedlib_api.obj
 0001:00000d50       ??$addressof@PEAD@std@@YAPEAPEADAEAPEAD@Z 0000000180001d50 f i cppsharedlib_api.obj
 0001:00000d60       ??$addressof@PEA_S@std@@YAPEAPEA_SAEAPEA_S@Z 0000000180001d60 f i cppsharedlib_api.obj
 0001:00000d70       ??$addressof@V?$_String_val@U?$_Simple_types@_S@std@@@std@@@std@@YAPEAV?$_String_val@U?$_Simple_types@_S@std@@@0@AEAV10@@Z 0000000180001d70 f i cppsharedlib_api.obj
 0001:00000d80       ??$addressof@V?$basic_string@_SU?$char_traits@_S@std@@V?$allocator@_S@2@@std@@@std@@YAPEAV?$basic_string@_SU?$char_traits@_S@std@@V?$allocator@_S@2@@0@AEAV10@@Z 0000000180001d80 f i cppsharedlib_api.obj
 0001:00000d90       ??$call_once@A6AXPEAPEA_S_K@ZAEAPEAPEA_SAEA_K@std@@YAXAEAUonce_flag@0@A6AXPEAPEA_S_K@ZAEAPEAPEA_SAEA_K@Z 0000000180001d90 f i cppsharedlib_api.obj
 0001:00000e20       ??$construct@V?$basic_string@_SU?$char_traits@_S@std@@V?$allocator@_S@2@@std@@$$V@?$_Default_allocator_traits@V?$allocator@V?$basic_string@_SU?$char_traits@_S@std@@V?$allocator@_S@2@@std@@@std@@@std@@SAXAEAV?$allocator@V?$basic_string@_SU?$char_traits@_S@std@@V?$allocator@_S@2@@std@@@1@QEAV?$basic_string@_SU?$char_traits@_S@std@@V?$allocator@_S@2@@1@@Z 0000000180001e20 f i cppsharedlib_api.obj
 0001:00000e40       ??$destroy@V?$basic_string@_SU?$char_traits@_S@std@@V?$allocator@_S@2@@std@@@?$_Default_allocator_traits@V?$allocator@V?$basic_string@_SU?$char_traits@_S@std@@V?$allocator@_S@2@@std@@@std@@@std@@SAXAEAV?$allocator@V?$basic_string@_SU?$char_traits@_S@std@@V?$allocator@_S@2@@std@@@1@QEAV?$basic_string@_SU?$char_traits@_S@std@@V?$allocator@_S@2@@1@@Z 0000000180001e40 f i cppsharedlib_api.obj
 0001:00000e50       ??$endl@DU?$char_traits@D@std@@@std@@YAAEAV?$basic_ostream@DU?$char_traits@D@std@@@0@AEAV10@@Z 0000000180001e50 f i cppsharedlib_api.obj
 0001:00000e90       ??$forward@A6AXPEAPEA_S_K@Z@std@@YAA6AXPEAPEA_S_K@ZA6AX01@Z@Z 0000000180001e90 f i cppsharedlib_api.obj
 0001:00000ea0       ??$forward@AEAPEAPEA_S@std@@YAAEAPEAPEA_SAEAPEAPEA_S@Z 0000000180001ea0 f i cppsharedlib_api.obj
 0001:00000eb0       ??$forward@AEAPEA_S@std@@YAAEAPEA_SAEAPEA_S@Z 0000000180001eb0 f i cppsharedlib_api.obj
 0001:00000ec0       ??$forward@AEA_K@std@@YAAEA_KAEA_K@Z 0000000180001ec0 f i cppsharedlib_api.obj
 0001:00000ed0       ??$forward@AEBQEAD@std@@YAAEBQEADAEBQEAD@Z 0000000180001ed0 f i cppsharedlib_api.obj
 0001:00000ee0       ??$forward@AEBQEA_S@std@@YAAEBQEA_SAEBQEA_S@Z 0000000180001ee0 f i cppsharedlib_api.obj
 0001:00000ef0       ??$forward@AEBV?$allocator@V?$basic_string@_SU?$char_traits@_S@std@@V?$allocator@_S@2@@std@@@std@@@std@@YAAEBV?$allocator@V?$basic_string@_SU?$char_traits@_S@std@@V?$allocator@_S@2@@std@@@0@AEBV10@@Z 0000000180001ef0 f i cppsharedlib_api.obj
 0001:00000f00       ??$invoke@A6AXPEAPEA_S_K@ZAEAPEAPEA_SAEA_K@std@@YAXA6AXPEAPEA_S_K@ZAEAPEAPEA_SAEA_K@Z 0000000180001f00 f i cppsharedlib_api.obj
 0001:00000f10       ??$max@_K@std@@YAAEB_KAEB_K0@Z 0000000180001f10 f i cppsharedlib_api.obj
 0001:00000f20       ??$min@_K@std@@YAAEB_KAEB_K0@Z 0000000180001f20 f i cppsharedlib_api.obj
 0001:00000f30       ??$move@AEAV?$allocator@_S@std@@@std@@YA$$QEAV?$allocator@_S@0@AEAV10@@Z 0000000180001f30 f i cppsharedlib_api.obj
 0001:00000f40       ??$resolve_function@P6AHP6AHHPEAPEBD@ZH0@Z@@YAXPEAXPEAP6AHP6AHHPEAPEBD@ZH1@ZPEBD@Z 0000000180001f40 f i cppsharedlib_api.obj
 0001:00000f60       ??$resolve_function@P6APEBD_K0@Z@@YAXPEAXPEAP6APEBD_K1@ZPEBD@Z 0000000180001f60 f i cppsharedlib_api.obj
 0001:00000f80       ??$resolve_function@P6APEBD_K@Z@@YAXPEAXPEAP6APEBD_K@ZPEBD@Z 0000000180001f80 f i cppsharedlib_api.obj
 0001:00000fa0       ??$resolve_function@P6APEB_S_K0@Z@@YAXPEAXPEAP6APEB_S_K1@ZPEBD@Z 0000000180001fa0 f i cppsharedlib_api.obj
 0001:00000fc0       ??$resolve_function@P6AXAEBV?$vector@V?$basic_string@_SU?$char_traits@_S@std@@V?$allocator@_S@2@@std@@V?$allocator@V?$basic_string@_SU?$char_traits@_S@std@@V?$allocator@_S@2@@std@@@2@@std@@@Z@@YAXPEAXPEAP6AXAEBV?$vector@V?$basic_string@_SU?$char_traits@_S@std@@V?$allocator@_S@2@@std@@V?$allocator@V?$basic_string@_SU?$char_traits@_S@std@@V?$allocator@_S@2@@std@@@2@@std@@@ZPEBD@Z 0000000180001fc0 f i cppsharedlib_api.obj
 0001:00000fe0       ??$resolve_function@P6AXXZ@@YAXPEAXPEAP6AXXZPEBD@Z 0000000180001fe0 f i cppsharedlib_api.obj
 0001:00001000       ??$resolve_function@P6AX_K@Z@@YAXPEAXPEAP6AX_K@ZPEBD@Z 0000000180002000 f i cppsharedlib_api.obj
 0001:00001020       ??$resolve_function@P6A_KAEBV?$basic_string@_SU?$char_traits@_S@std@@V?$allocator@_S@2@@std@@0@Z@@YAXPEAXPEAP6A_KAEBV?$basic_string@_SU?$char_traits@_S@std@@V?$allocator@_S@2@@std@@1@ZPEBD@Z 0000000180002020 f i cppsharedlib_api.obj
 0001:00001040       ??$resolve_function@P6A_K_K0@Z@@YAXPEAXPEAP6A_K_K1@ZPEBD@Z 0000000180002040 f i cppsharedlib_api.obj
 0001:00001060       ??$resolve_function@P6A_K_K@Z@@YAXPEAXPEAP6A_K_K@ZPEBD@Z 0000000180002060 f i cppsharedlib_api.obj
 0001:00001080       ??$resolve_function@P6A_K_KAEBV?$basic_string@DU?$char_traits@D@std@@V?$allocator@D@2@@std@@0_NPEAPEAVArrayImpl@impl@data@matlab@@_KP6AXPEAX423@ZP6AX5424PEBX@Z555P6AX5PEB_S4@ZP6AX5@Z@Z@@YAXPEAXPEAP6A_K_KAEBV?$basic_string@DU?$char_traits@D@std@@V?$allocator@D@2@@std@@1_NPEAPEAVArrayImpl@impl@data@matlab@@_KP6AX0534@ZP6AX0535PEBX@Z000P6AX0PEB_S5@ZP6AX0@Z@ZPEBD@Z 0000000180002080 f i cppsharedlib_api.obj
 0001:000010a0       ??$resolve_function@P6A_N_KN@Z@@YAXPEAXPEAP6A_N_KN@ZPEBD@Z 00000001800020a0 f i cppsharedlib_api.obj
 0001:000010c0       ??$resolve_function@P6A_N_K_N@Z@@YAXPEAXPEAP6A_N_K_N@ZPEBD@Z 00000001800020c0 f i cppsharedlib_api.obj
 0001:000010e0       ??0?$_String_val@U?$_Simple_types@D@std@@@std@@QEAA@XZ 00000001800020e0 f i cppsharedlib_api.obj
 0001:00001100       ??0?$_String_val@U?$_Simple_types@_S@std@@@std@@QEAA@XZ 0000000180002100 f i cppsharedlib_api.obj
 0001:00001120       ??0?$_Uninitialized_backout_al@V?$allocator@V?$basic_string@_SU?$char_traits@_S@std@@V?$allocator@_S@2@@std@@@std@@@std@@QEAA@PEAV?$basic_string@_SU?$char_traits@_S@std@@V?$allocator@_S@2@@1@AEAV?$allocator@V?$basic_string@_SU?$char_traits@_S@std@@V?$allocator@_S@2@@std@@@1@@Z 0000000180002120 f i cppsharedlib_api.obj
 0001:00001130       ??0?$_Vector_val@U?$_Simple_types@V?$basic_string@_SU?$char_traits@_S@std@@V?$allocator@_S@2@@std@@@std@@@std@@QEAA@XZ 0000000180002130 f i cppsharedlib_api.obj
 0001:00001150       ??0?$allocator@D@std@@QEAA@XZ 0000000180002150 f i cppsharedlib_api.obj
 0001:00001160       ??0?$allocator@V?$basic_string@_SU?$char_traits@_S@std@@V?$allocator@_S@2@@std@@@std@@QEAA@XZ 0000000180002160 f i cppsharedlib_api.obj
 0001:00001170       ??0?$allocator@_S@std@@QEAA@XZ 0000000180002170 f i cppsharedlib_api.obj
 0001:00001180       ??0?$basic_string@DU?$char_traits@D@std@@V?$allocator@D@2@@std@@QEAA@QEBD@Z 0000000180002180 f i cppsharedlib_api.obj
 0001:000011c0       ??0?$basic_string@_SU?$char_traits@_S@std@@V?$allocator@_S@2@@std@@QEAA@QEB_S@Z 00000001800021c0 f i cppsharedlib_api.obj
 0001:00001210       ??0?$basic_string@_SU?$char_traits@_S@std@@V?$allocator@_S@2@@std@@QEAA@XZ 0000000180002210 f i cppsharedlib_api.obj
 0001:00001230       ??0?$vector@V?$basic_string@_SU?$char_traits@_S@std@@V?$allocator@_S@2@@std@@V?$allocator@V?$basic_string@_SU?$char_traits@_S@std@@V?$allocator@_S@2@@std@@@2@@std@@QEAA@_KAEBV?$allocator@V?$basic_string@_SU?$char_traits@_S@std@@V?$allocator@_S@2@@std@@@1@@Z 0000000180002230 f i cppsharedlib_api.obj
 0001:00001330       ??0_Bxty@?$_String_val@U?$_Simple_types@D@std@@@std@@QEAA@XZ 0000000180002330 f i cppsharedlib_api.obj
 0001:00001340       ??0_Bxty@?$_String_val@U?$_Simple_types@_S@std@@@std@@QEAA@XZ 0000000180002340 f i cppsharedlib_api.obj
 0001:00001350       ??0_Fake_proxy_ptr_impl@std@@QEAA@AEBU_Fake_allocator@1@AEBU_Container_base0@1@@Z 0000000180002350 f i cppsharedlib_api.obj
 0001:00001360       ??0_Sentry_base@?$basic_ostream@DU?$char_traits@D@std@@@std@@QEAA@AEAV12@@Z 0000000180002360 f i cppsharedlib_api.obj
 0001:00001390       ??0bad_alloc@std@@AEAA@QEBD@Z 0000000180002390 f i cppsharedlib_api.obj
 0001:000013b0       ??0bad_alloc@std@@QEAA@AEBV01@@Z 00000001800023b0 f i cppsharedlib_api.obj
 0001:000013f0       ??0bad_array_new_length@std@@QEAA@AEBV01@@Z 00000001800023f0 f i cppsharedlib_api.obj
 0001:00001430       ??0bad_array_new_length@std@@QEAA@XZ 0000000180002430 f i cppsharedlib_api.obj
 0001:00001460       ??0exception@std@@QEAA@AEBV01@@Z 0000000180002460 f i cppsharedlib_api.obj
 0001:000014a0       ??0exception@std@@QEAA@QEBDH@Z 00000001800024a0 f i cppsharedlib_api.obj
 0001:000014c0       ??0sentry@?$basic_ostream@DU?$char_traits@D@std@@@std@@QEAA@AEAV12@@Z 00000001800024c0 f i cppsharedlib_api.obj
 0001:00001540       ??1?$_Compressed_pair@V?$allocator@D@std@@V?$_String_val@U?$_Simple_types@D@std@@@2@$00@std@@QEAA@XZ 0000000180002540 f i cppsharedlib_api.obj
 0001:00001550       ??1?$_Compressed_pair@V?$allocator@_S@std@@V?$_String_val@U?$_Simple_types@_S@std@@@2@$00@std@@QEAA@XZ 0000000180002550 f i cppsharedlib_api.obj
 0001:00001560       ??1?$_String_val@U?$_Simple_types@D@std@@@std@@QEAA@XZ 0000000180002560 f i cppsharedlib_api.obj
 0001:00001570       ??1?$_String_val@U?$_Simple_types@_S@std@@@std@@QEAA@XZ 0000000180002570 f i cppsharedlib_api.obj
 0001:00001580       ??1?$_Tidy_guard@V?$vector@V?$basic_string@_SU?$char_traits@_S@std@@V?$allocator@_S@2@@std@@V?$allocator@V?$basic_string@_SU?$char_traits@_S@std@@V?$allocator@_S@2@@std@@@2@@std@@@std@@QEAA@XZ 0000000180002580 f i cppsharedlib_api.obj
 0001:00001590       ??1?$_Uninitialized_backout_al@V?$allocator@V?$basic_string@_SU?$char_traits@_S@std@@V?$allocator@_S@2@@std@@@std@@@std@@QEAA@XZ 0000000180002590 f i cppsharedlib_api.obj
 0001:000015d0       ??1?$basic_string@DU?$char_traits@D@std@@V?$allocator@D@2@@std@@QEAA@XZ 00000001800025d0 f i cppsharedlib_api.obj
 0001:000015e0       ??1?$basic_string@_SU?$char_traits@_S@std@@V?$allocator@_S@2@@std@@QEAA@XZ 00000001800025e0 f i cppsharedlib_api.obj
 0001:000015f0       ??1?$vector@V?$basic_string@_SU?$char_traits@_S@std@@V?$allocator@_S@2@@std@@V?$allocator@V?$basic_string@_SU?$char_traits@_S@std@@V?$allocator@_S@2@@std@@@2@@std@@QEAA@XZ 00000001800025f0 f i cppsharedlib_api.obj
 0001:00001600       ??1_Bxty@?$_String_val@U?$_Simple_types@D@std@@@std@@QEAA@XZ 0000000180002600 f i cppsharedlib_api.obj
 0001:00001610       ??1_Bxty@?$_String_val@U?$_Simple_types@_S@std@@@std@@QEAA@XZ 0000000180002610 f i cppsharedlib_api.obj
 0001:00001620       ??1_Init_once_completer@std@@QEAA@XZ 0000000180002620 f i cppsharedlib_api.obj
 0001:00001650       ??1_Sentry_base@?$basic_ostream@DU?$char_traits@D@std@@@std@@QEAA@XZ 0000000180002650 f i cppsharedlib_api.obj
 0001:00001680       ??1bad_alloc@std@@UEAA@XZ  0000000180002680 f i cppsharedlib_api.obj
 0001:000016a0       ??1bad_array_new_length@std@@UEAA@XZ 00000001800026a0 f i cppsharedlib_api.obj
 0001:000016c0       ??1exception@std@@UEAA@XZ  00000001800026c0 f i cppsharedlib_api.obj
 0001:000016e0       ??1sentry@?$basic_ostream@DU?$char_traits@D@std@@@std@@QEAA@XZ 00000001800026e0 f i cppsharedlib_api.obj
 0001:00001720       ??2@YAPEAX_KPEAX@Z         0000000180002720 f i cppsharedlib_api.obj
 0001:00001730       ??4?$basic_string@_SU?$char_traits@_S@std@@V?$allocator@_S@2@@std@@QEAAAEAV01@$$QEAV01@@Z 0000000180002730 f i cppsharedlib_api.obj
 0001:00001780       ??A?$vector@V?$basic_string@_SU?$char_traits@_S@std@@V?$allocator@_S@2@@std@@V?$allocator@V?$basic_string@_SU?$char_traits@_S@std@@V?$allocator@_S@2@@std@@@2@@std@@QEAAAEAV?$basic_string@_SU?$char_traits@_S@std@@V?$allocator@_S@2@@1@_K@Z 0000000180002780 f i cppsharedlib_api.obj
 0001:00001790       ??Bsentry@?$basic_ostream@DU?$char_traits@D@std@@@std@@QEBA_NXZ 0000000180002790 f i cppsharedlib_api.obj
 0001:000017a0       ??R<lambda_65e615be2a453ca0576c979606f46740>@@QEBA@QEADQEBD_K12@Z 00000001800027a0 f i cppsharedlib_api.obj
 0001:000017f0       ??R<lambda_66f57f934f28d61049862f64df852ff0>@@QEBA@QEAD_KQEBD@Z 00000001800027f0 f i cppsharedlib_api.obj
 0001:00001820       ??R<lambda_9f40189620cfe4223adcbc34f0d42913>@@QEBA@QEA_S_KQEB_S@Z 0000000180002820 f i cppsharedlib_api.obj
 0001:00001850       ??Y?$basic_string@DU?$char_traits@D@std@@V?$allocator@D@2@@std@@QEAAAEAV01@QEBD@Z 0000000180002850 f i cppsharedlib_api.obj
 0001:00001870       ??_G?$basic_string@_SU?$char_traits@_S@std@@V?$allocator@_S@2@@std@@QEAAPEAXI@Z 0000000180002870 f i cppsharedlib_api.obj
 0001:000018b0       ??_Ebad_alloc@std@@UEAAPEAXI@Z 00000001800028b0 f i cppsharedlib_api.obj
 0001:000018b0       ??_Gbad_alloc@std@@UEAAPEAXI@Z 00000001800028b0 f i cppsharedlib_api.obj
 0001:00001900       ??_Ebad_array_new_length@std@@UEAAPEAXI@Z 0000000180002900 f i cppsharedlib_api.obj
 0001:00001900       ??_Gbad_array_new_length@std@@UEAAPEAXI@Z 0000000180002900 f i cppsharedlib_api.obj
 0001:00001950       ??_Gexception@std@@UEAAPEAXI@Z 0000000180002950 f i cppsharedlib_api.obj
 0001:00001950       ??_Eexception@std@@UEAAPEAXI@Z 0000000180002950 f i cppsharedlib_api.obj
 0001:000019a0       ?_Adjust_manually_vector_aligned@std@@YAXAEAPEAXAEA_K@Z 00000001800029a0 f i cppsharedlib_api.obj
 0001:000019d0       ?_Alloc_proxy@_Container_base0@std@@QEAAXAEBU_Fake_allocator@2@@Z 00000001800029d0 f i cppsharedlib_api.obj
 0001:000019e0       ?_Allocate@_Default_allocate_traits@std@@SAPEAX_K@Z 00000001800029e0 f i cppsharedlib_api.obj
 0001:000019f0       ?_Buy_nonzero@?$vector@V?$basic_string@_SU?$char_traits@_S@std@@V?$allocator@_S@2@@std@@V?$allocator@V?$basic_string@_SU?$char_traits@_S@std@@V?$allocator@_S@2@@std@@@2@@std@@AEAAX_K@Z 00000001800029f0 f i cppsharedlib_api.obj
 0001:00001a80       ?_Buy_raw@?$vector@V?$basic_string@_SU?$char_traits@_S@std@@V?$allocator@_S@2@@std@@V?$allocator@V?$basic_string@_SU?$char_traits@_S@std@@V?$allocator@_S@2@@std@@@2@@std@@AEAAX_K@Z 0000000180002a80 f i cppsharedlib_api.obj
 0001:00001b10       ?_Calculate_growth@?$basic_string@DU?$char_traits@D@std@@V?$allocator@D@2@@std@@AEBA_K_K@Z 0000000180002b10 f i cppsharedlib_api.obj
 0001:00001b50       ?_Calculate_growth@?$basic_string@DU?$char_traits@D@std@@V?$allocator@D@2@@std@@CA_K_K00@Z 0000000180002b50 f i cppsharedlib_api.obj
 0001:00001b80       ?_Calculate_growth@?$basic_string@_SU?$char_traits@_S@std@@V?$allocator@_S@2@@std@@AEBA_K_K@Z 0000000180002b80 f i cppsharedlib_api.obj
 0001:00001bc0       ?_Calculate_growth@?$basic_string@_SU?$char_traits@_S@std@@V?$allocator@_S@2@@std@@CA_K_K00@Z 0000000180002bc0 f i cppsharedlib_api.obj
 0001:00001bf0       ?_Destroy@?$vector@V?$basic_string@_SU?$char_traits@_S@std@@V?$allocator@_S@2@@std@@V?$allocator@V?$basic_string@_SU?$char_traits@_S@std@@V?$allocator@_S@2@@std@@@2@@std@@AEAAXPEAV?$basic_string@_SU?$char_traits@_S@std@@V?$allocator@_S@2@@2@0@Z 0000000180002bf0 f i cppsharedlib_api.obj
 0001:00001c30       ?_Equal@?$basic_string@_SU?$char_traits@_S@std@@V?$allocator@_S@2@@std@@QEBA_NQEB_S@Z 0000000180002c30 f i cppsharedlib_api.obj
 0001:00001c90       ?_Get_first@?$_Compressed_pair@V?$allocator@D@std@@V?$_String_val@U?$_Simple_types@D@std@@@2@$00@std@@QEAAAEAV?$allocator@D@2@XZ 0000000180002c90 f i cppsharedlib_api.obj
 0001:00001ca0       ?_Get_first@?$_Compressed_pair@V?$allocator@D@std@@V?$_String_val@U?$_Simple_types@D@std@@@2@$00@std@@QEBAAEBV?$allocator@D@2@XZ 0000000180002ca0 f i cppsharedlib_api.obj
 0001:00001cb0       ?_Get_first@?$_Compressed_pair@V?$allocator@V?$basic_string@_SU?$char_traits@_S@std@@V?$allocator@_S@2@@std@@@std@@V?$_Vector_val@U?$_Simple_types@V?$basic_string@_SU?$char_traits@_S@std@@V?$allocator@_S@2@@std@@@std@@@2@$00@std@@QEAAAEAV?$allocator@V?$basic_string@_SU?$char_traits@_S@std@@V?$allocator@_S@2@@std@@@2@XZ 0000000180002cb0 f i cppsharedlib_api.obj
 0001:00001cc0       ?_Get_first@?$_Compressed_pair@V?$allocator@V?$basic_string@_SU?$char_traits@_S@std@@V?$allocator@_S@2@@std@@@std@@V?$_Vector_val@U?$_Simple_types@V?$basic_string@_SU?$char_traits@_S@std@@V?$allocator@_S@2@@std@@@std@@@2@$00@std@@QEBAAEBV?$allocator@V?$basic_string@_SU?$char_traits@_S@std@@V?$allocator@_S@2@@std@@@2@XZ 0000000180002cc0 f i cppsharedlib_api.obj
 0001:00001cd0       ?_Get_first@?$_Compressed_pair@V?$allocator@_S@std@@V?$_String_val@U?$_Simple_types@_S@std@@@2@$00@std@@QEAAAEAV?$allocator@_S@2@XZ 0000000180002cd0 f i cppsharedlib_api.obj
 0001:00001ce0       ?_Get_first@?$_Compressed_pair@V?$allocator@_S@std@@V?$_String_val@U?$_Simple_types@_S@std@@@2@$00@std@@QEBAAEBV?$allocator@_S@2@XZ 0000000180002ce0 f i cppsharedlib_api.obj
 0001:00001cf0       ?_Getal@?$basic_string@DU?$char_traits@D@std@@V?$allocator@D@2@@std@@AEAAAEAV?$allocator@D@2@XZ 0000000180002cf0 f i cppsharedlib_api.obj
 0001:00001d00       ?_Getal@?$basic_string@DU?$char_traits@D@std@@V?$allocator@D@2@@std@@AEBAAEBV?$allocator@D@2@XZ 0000000180002d00 f i cppsharedlib_api.obj
 0001:00001d10       ?_Getal@?$basic_string@_SU?$char_traits@_S@std@@V?$allocator@_S@2@@std@@AEAAAEAV?$allocator@_S@2@XZ 0000000180002d10 f i cppsharedlib_api.obj
 0001:00001d20       ?_Getal@?$basic_string@_SU?$char_traits@_S@std@@V?$allocator@_S@2@@std@@AEBAAEBV?$allocator@_S@2@XZ 0000000180002d20 f i cppsharedlib_api.obj
 0001:00001d30       ?_Getal@?$vector@V?$basic_string@_SU?$char_traits@_S@std@@V?$allocator@_S@2@@std@@V?$allocator@V?$basic_string@_SU?$char_traits@_S@std@@V?$allocator@_S@2@@std@@@2@@std@@AEAAAEAV?$allocator@V?$basic_string@_SU?$char_traits@_S@std@@V?$allocator@_S@2@@std@@@2@XZ 0000000180002d30 f i cppsharedlib_api.obj
 0001:00001d40       ?_Getal@?$vector@V?$basic_string@_SU?$char_traits@_S@std@@V?$allocator@_S@2@@std@@V?$allocator@V?$basic_string@_SU?$char_traits@_S@std@@V?$allocator@_S@2@@std@@@2@@std@@AEBAAEBV?$allocator@V?$basic_string@_SU?$char_traits@_S@std@@V?$allocator@_S@2@@std@@@2@XZ 0000000180002d40 f i cppsharedlib_api.obj
 0001:00001d50       ?_Large_string_engaged@?$_String_val@U?$_Simple_types@D@std@@@std@@QEBA_NXZ 0000000180002d50 f i cppsharedlib_api.obj
 0001:00001d60       ?_Large_string_engaged@?$_String_val@U?$_Simple_types@_S@std@@@std@@QEBA_NXZ 0000000180002d60 f i cppsharedlib_api.obj
 0001:00001d70       ?_Maklocwcs@std@@YAPEA_WPEB_W@Z 0000000180002d70 f i cppsharedlib_api.obj
 0001:00001de0       ?_Memcpy_val_from@?$basic_string@_SU?$char_traits@_S@std@@V?$allocator@_S@2@@std@@AEAAXAEBV12@@Z 0000000180002de0 f i cppsharedlib_api.obj
 0001:00001df0       ?_Move_assign@?$basic_string@_SU?$char_traits@_S@std@@V?$allocator@_S@2@@std@@AEAAXAEAV12@U_Equal_allocators@2@@Z 0000000180002df0 f i cppsharedlib_api.obj
 0001:00001e30       ?_Myptr@?$_String_val@U?$_Simple_types@D@std@@@std@@QEAAPEADXZ 0000000180002e30 f i cppsharedlib_api.obj
 0001:00001e40       ?_Myptr@?$_String_val@U?$_Simple_types@D@std@@@std@@QEBAPEBDXZ 0000000180002e40 f i cppsharedlib_api.obj
 0001:00001e50       ?_Myptr@?$_String_val@U?$_Simple_types@_S@std@@@std@@QEAAPEA_SXZ 0000000180002e50 f i cppsharedlib_api.obj
 0001:00001e60       ?_Myptr@?$_String_val@U?$_Simple_types@_S@std@@@std@@QEBAPEB_SXZ 0000000180002e60 f i cppsharedlib_api.obj
 0001:00001e70       ?_Orphan_all@_Container_base0@std@@QEAAXXZ 0000000180002e70 f i cppsharedlib_api.obj
 0001:00001e80       ?_Release@?$_Uninitialized_backout_al@V?$allocator@V?$basic_string@_SU?$char_traits@_S@std@@V?$allocator@_S@2@@std@@@std@@@std@@QEAAPEAV?$basic_string@_SU?$char_traits@_S@std@@V?$allocator@_S@2@@2@XZ 0000000180002e80 f i cppsharedlib_api.obj
 0001:00001e90       ?_Release@_Fake_proxy_ptr_impl@std@@QEAAXXZ 0000000180002e90 f i cppsharedlib_api.obj
 0001:00001ea0       ?_Swap_proxy_and_iterators@?$basic_string@_SU?$char_traits@_S@std@@V?$allocator@_S@2@@std@@AEAAXAEAV12@@Z 0000000180002ea0 f i cppsharedlib_api.obj
 0001:00001eb0       ?_Swap_proxy_and_iterators@_Container_base0@std@@QEAAXAEAU12@@Z 0000000180002eb0 f i cppsharedlib_api.obj
 0001:00001ec0       ?_Take_contents@?$basic_string@_SU?$char_traits@_S@std@@V?$allocator@_S@2@@std@@AEAAXAEAV12@@Z 0000000180002ec0 f i cppsharedlib_api.obj
 0001:00001ee0       ?_Throw_bad_array_new_length@std@@YAXXZ 0000000180002ee0 f i cppsharedlib_api.obj
 0001:00001f00       ?_Tidy@?$vector@V?$basic_string@_SU?$char_traits@_S@std@@V?$allocator@_S@2@@std@@V?$allocator@V?$basic_string@_SU?$char_traits@_S@std@@V?$allocator@_S@2@@std@@@2@@std@@AEAAXXZ 0000000180002f00 f i cppsharedlib_api.obj
 0001:00001f90       ?_Tidy_deallocate@?$basic_string@DU?$char_traits@D@std@@V?$allocator@D@2@@std@@AEAAXXZ 0000000180002f90 f i cppsharedlib_api.obj
 0001:00001ff0       ?_Tidy_deallocate@?$basic_string@_SU?$char_traits@_S@std@@V?$allocator@_S@2@@std@@AEAAXXZ 0000000180002ff0 f i cppsharedlib_api.obj
 0001:00002060       ?_Tidy_init@?$basic_string@DU?$char_traits@D@std@@V?$allocator@D@2@@std@@AEAAXXZ 0000000180003060 f i cppsharedlib_api.obj
 0001:00002080       ?_Tidy_init@?$basic_string@_SU?$char_traits@_S@std@@V?$allocator@_S@2@@std@@AEAAXXZ 0000000180003080 f i cppsharedlib_api.obj
 0001:000020a0       ?_Ufill@?$vector@V?$basic_string@_SU?$char_traits@_S@std@@V?$allocator@_S@2@@std@@V?$allocator@V?$basic_string@_SU?$char_traits@_S@std@@V?$allocator@_S@2@@std@@@2@@std@@AEAAPEAV?$basic_string@_SU?$char_traits@_S@std@@V?$allocator@_S@2@@2@PEAV32@_KU_Value_init_tag@2@@Z 00000001800030a0 f i cppsharedlib_api.obj
 0001:000020d0       ?_Xlen_string@std@@YAXXZ   00000001800030d0 f i cppsharedlib_api.obj
 0001:000020f0       ?_Xlength@?$vector@V?$basic_string@_SU?$char_traits@_S@std@@V?$allocator@_S@2@@std@@V?$allocator@V?$basic_string@_SU?$char_traits@_S@std@@V?$allocator@_S@2@@std@@@2@@std@@CAXXZ 00000001800030f0 f i cppsharedlib_api.obj
 0001:00002150       ?allocate@?$allocator@D@std@@QEAAPEAD_K@Z 0000000180003150 f i cppsharedlib_api.obj
 0001:000021b0       ?allocate@?$allocator@V?$basic_string@_SU?$char_traits@_S@std@@V?$allocator@_S@2@@std@@@std@@QEAAPEAV?$basic_string@_SU?$char_traits@_S@std@@V?$allocator@_S@2@@2@_K@Z 00000001800031b0 f i cppsharedlib_api.obj
 0001:00002220       ?allocate@?$allocator@_S@std@@QEAAPEA_S_K@Z 0000000180003220 f i cppsharedlib_api.obj
 0001:00002290       ?append@?$basic_string@DU?$char_traits@D@std@@V?$allocator@D@2@@std@@QEAAAEAV12@QEBD@Z 0000000180003290 f i cppsharedlib_api.obj
 0001:000022b0       ?append@?$basic_string@DU?$char_traits@D@std@@V?$allocator@D@2@@std@@QEAAAEAV12@QEBD_K@Z 00000001800032b0 f i cppsharedlib_api.obj
 0001:00002340       ?assign@?$_Narrow_char_traits@DH@std@@SAXAEADAEBD@Z 0000000180003340 f i cppsharedlib_api.obj
 0001:00002350       ?assign@?$_WChar_traits@_S@std@@SAXAEA_SAEB_S@Z 0000000180003350 f i cppsharedlib_api.obj
 0001:00002360       ?assign@?$basic_string@DU?$char_traits@D@std@@V?$allocator@D@2@@std@@QEAAAEAV12@QEBD@Z 0000000180003360 f i cppsharedlib_api.obj
 0001:00002380       ?assign@?$basic_string@DU?$char_traits@D@std@@V?$allocator@D@2@@std@@QEAAAEAV12@QEBD_K@Z 0000000180003380 f i cppsharedlib_api.obj
 0001:000024f0       ?assign@?$basic_string@_SU?$char_traits@_S@std@@V?$allocator@_S@2@@std@@QEAAAEAV12@QEB_S@Z 00000001800034f0 f i cppsharedlib_api.obj
 0001:00002520       ?assign@?$basic_string@_SU?$char_traits@_S@std@@V?$allocator@_S@2@@std@@QEAAAEAV12@QEB_S_K@Z 0000000180003520 f i cppsharedlib_api.obj
 0001:00002650       ?c_str@?$basic_string@DU?$char_traits@D@std@@V?$allocator@D@2@@std@@QEBAPEBDXZ 0000000180003650 f i cppsharedlib_api.obj
 0001:00002660       ?compare@?$_Char_traits@_SG@std@@SAHPEB_S0_K@Z 0000000180003660 f i cppsharedlib_api.obj
 0001:000026a0       ?compare@?$_WChar_traits@_S@std@@SAHQEB_S0_K@Z 00000001800036a0 f i cppsharedlib_api.obj
 0001:000026e0       ?copy@?$_Char_traits@DH@std@@SAPEADQEADQEBD_K@Z 00000001800036e0 f i cppsharedlib_api.obj
 0001:00002700       ?copy@?$_Char_traits@_SG@std@@SAPEA_SQEA_SQEB_S_K@Z 0000000180003700 f i cppsharedlib_api.obj
 0001:00002720       ?deallocate@?$allocator@D@std@@QEAAXQEAD_K@Z 0000000180003720 f i cppsharedlib_api.obj
 0001:00002760       ?deallocate@?$allocator@V?$basic_string@_SU?$char_traits@_S@std@@V?$allocator@_S@2@@std@@@std@@QEAAXQEAV?$basic_string@_SU?$char_traits@_S@std@@V?$allocator@_S@2@@2@_K@Z 0000000180003760 f i cppsharedlib_api.obj
 0001:000027b0       ?deallocate@?$allocator@_S@std@@QEAAXQEA_S_K@Z 00000001800037b0 f i cppsharedlib_api.obj
 0001:00002ad0       ?eof@?$_Narrow_char_traits@DH@std@@SAHXZ 0000000180003ad0 f i cppsharedlib_api.obj
 0001:00002ae0       ?eq_int_type@?$_Narrow_char_traits@DH@std@@SA_NAEBH0@Z 0000000180003ae0 f i cppsharedlib_api.obj
 0001:000033b0       ?length@?$_Char_traits@_SG@std@@SA_KPEB_S@Z 00000001800043b0 f i cppsharedlib_api.obj
 0001:000033d0       ?length@?$_Narrow_char_traits@DH@std@@SA_KQEBD@Z 00000001800043d0 f i cppsharedlib_api.obj
 0001:000033f0       ?length@?$_WChar_traits@_S@std@@SA_KPEB_S@Z 00000001800043f0 f i cppsharedlib_api.obj
 0001:00003410       ?libengine_init_library@@YAXXZ 0000000180004410 f   cppsharedlib_api.obj
 0001:000036a0       ?load_library@@YAPEAXPEBD@Z 00000001800046a0 f   cppsharedlib_api.obj
 0001:00003710       ?max@?$numeric_limits@_J@std@@SA_JXZ 0000000180004710 f i cppsharedlib_api.obj
 0001:00003720       ?max_size@?$_Default_allocator_traits@V?$allocator@D@std@@@std@@SA_KAEBV?$allocator@D@2@@Z 0000000180004720 f i cppsharedlib_api.obj
 0001:00003730       ?max_size@?$_Default_allocator_traits@V?$allocator@V?$basic_string@_SU?$char_traits@_S@std@@V?$allocator@_S@2@@std@@@std@@@std@@SA_KAEBV?$allocator@V?$basic_string@_SU?$char_traits@_S@std@@V?$allocator@_S@2@@std@@@2@@Z 0000000180004730 f i cppsharedlib_api.obj
 0001:00003740       ?max_size@?$_Default_allocator_traits@V?$allocator@_S@std@@@std@@SA_KAEBV?$allocator@_S@2@@Z 0000000180004740 f i cppsharedlib_api.obj
 0001:00003750       ?max_size@?$basic_string@DU?$char_traits@D@std@@V?$allocator@D@2@@std@@QEBA_KXZ 0000000180004750 f i cppsharedlib_api.obj
 0001:00003760       ?max_size@?$basic_string@_SU?$char_traits@_S@std@@V?$allocator@_S@2@@std@@QEBA_KXZ 0000000180004760 f i cppsharedlib_api.obj
 0001:00003770       ?max_size@?$vector@V?$basic_string@_SU?$char_traits@_S@std@@V?$allocator@_S@2@@std@@V?$allocator@V?$basic_string@_SU?$char_traits@_S@std@@V?$allocator@_S@2@@std@@@2@@std@@QEBA_KXZ 0000000180004770 f i cppsharedlib_api.obj
 0001:00003780       ?move@?$_Char_traits@DH@std@@SAPEADQEADQEBD_K@Z 0000000180004780 f i cppsharedlib_api.obj
 0001:000037a0       ?move@?$_Char_traits@_SG@std@@SAPEA_SQEA_SQEB_S_K@Z 00000001800047a0 f i cppsharedlib_api.obj
 0001:000037c0       ?what@exception@std@@UEBAPEBDXZ 00000001800047c0 f i cppsharedlib_api.obj
 0001:000037e0       DllMain                    00000001800047e0 f   cppsharedlib_api.obj
 0001:00003c90       cppsharedlib_cancel_feval_with_completion 0000000180004c90 f   cppsharedlib_api.obj
 0001:00003ca0       cppsharedlib_destroy_handles 0000000180004ca0 f   cppsharedlib_api.obj
 0001:00003cb0       cppsharedlib_destroy_task_handle 0000000180004cb0 f   cppsharedlib_api.obj
 0001:00003cc0       cppsharedlib_feval_with_completion 0000000180004cc0 f   cppsharedlib_api.obj
 0001:00003e10       cppsharedlib_get_stackframe_file 0000000180004e10 f   cppsharedlib_api.obj
 0001:00003e20       cppsharedlib_get_stackframe_func 0000000180004e20 f   cppsharedlib_api.obj
 0001:00003e30       cppsharedlib_get_stackframe_line 0000000180004e30 f   cppsharedlib_api.obj
 0001:00003e40       cppsharedlib_get_stacktrace_message 0000000180004e40 f   cppsharedlib_api.obj
 0001:00003e50       cppsharedlib_get_stacktrace_number 0000000180004e50 f   cppsharedlib_api.obj
 0001:00003e60       cppsharedlib_run_main      0000000180004e60 f   cppsharedlib_api.obj
 0001:00003e70       create_mvm_instance        0000000180004e70 f   cppsharedlib_api.obj
 0001:00003ff0       create_mvm_instance_async  0000000180004ff0 f   cppsharedlib_api.obj
 0001:00004150       runtime_create_session     0000000180005150 f   cppsharedlib_api.obj
 0001:000041e0       runtime_terminate_session  00000001800051e0 f   cppsharedlib_api.obj
 0001:000041f0       terminate_mvm_instance     00000001800051f0 f   cppsharedlib_api.obj
 0001:00004200       wait_for_figures_to_close  0000000180005200 f   cppsharedlib_api.obj
 0001:00004210       wmemcpy                    0000000180005210 f i cppsharedlib_api.obj
 0001:00004230       ??$?0$$V@?$_Compressed_pair@V?$allocator@_W@std@@V?$_String_val@U?$_Simple_types@_W@std@@@2@$00@std@@QEAA@U_Zero_then_variadic_args_t@1@@Z 0000000180005230 f i cppsharedlib_interface_util.obj
 0001:00004250       ??$?0AEBV?$allocator@_W@std@@$$V@?$_Compressed_pair@V?$allocator@_W@std@@V?$_Vector_val@U?$_Simple_types@_W@std@@@2@$00@std@@QEAA@U_One_then_variadic_args_t@1@AEBV?$allocator@_W@1@@Z 0000000180005250 f i cppsharedlib_interface_util.obj
 0001:00004270       ??$_Construct_in_place@PEA_WAEBQEA_W@std@@YAXAEAPEA_WAEBQEA_W@Z 0000000180005270 f i cppsharedlib_interface_util.obj
 0001:00004280       ??$_Construct_n_copies_of_ty@_W@?$vector@_WV?$allocator@_W@std@@@std@@AEAAX_KAEB_W@Z 0000000180005280 f i cppsharedlib_interface_util.obj
 0001:00004330       ??$_Destroy_in_place@PEA_W@std@@YAXAEAPEA_W@Z 0000000180005330 f i cppsharedlib_interface_util.obj
 0001:00004340       ??$_Destroy_range@V?$allocator@_W@std@@@std@@YAXPEA_WQEA_WAEAV?$allocator@_W@0@@Z 0000000180005340 f i cppsharedlib_interface_util.obj
 0001:00004350       ??$_Emplace_back@AEB_W@?$_Uninitialized_backout_al@V?$allocator@_W@std@@@std@@QEAAXAEB_W@Z 0000000180005350 f i cppsharedlib_interface_util.obj
 0001:00004370       ??$_Fill_zero_memset@PEA_W@std@@YAXPEA_W_K@Z 0000000180005370 f i cppsharedlib_interface_util.obj
 0001:00004380       ??$_Is_all_bits_zero@_W@std@@YA_NAEB_W@Z 0000000180005380 f i cppsharedlib_interface_util.obj
 0001:00004390       ??$_Reallocate_for@V<lambda_b316f76599580dcfa601a433435bf0fe>@@_W@?$basic_string@_WU?$char_traits@_W@std@@V?$allocator@_W@2@@std@@AEAAAEAV01@_KV<lambda_b316f76599580dcfa601a433435bf0fe>@@_W@Z 0000000180005390 f i cppsharedlib_interface_util.obj
 0001:00004490       ??$_Reallocate_grow_by@V<lambda_e1befb086ad3257e3f042a63030725f7>@@_KD@?$basic_string@DU?$char_traits@D@std@@V?$allocator@D@2@@std@@AEAAAEAV01@_KV<lambda_e1befb086ad3257e3f042a63030725f7>@@_KD@Z 0000000180005490 f i cppsharedlib_interface_util.obj
 0001:00004620       ??$_To_address@PEA_W@std@@YA?A_PAEBQEA_W@Z 0000000180005620 f i cppsharedlib_interface_util.obj
 0001:00004630       ??$_Unfancy@_W@std@@YAPEA_WPEA_W@Z 0000000180005630 f i cppsharedlib_interface_util.obj
 0001:00004640       ??$_Unfancy_maybe_null@_W@std@@YAPEA_WPEA_W@Z 0000000180005640 f i cppsharedlib_interface_util.obj
 0001:00004650       ??$_Uninitialized_fill_n@V?$allocator@_W@std@@@std@@YAPEA_WPEA_W_KAEB_WAEAV?$allocator@_W@0@@Z 0000000180005650 f i cppsharedlib_interface_util.obj
 0001:000046b0       ??$_Voidify_iter@PEAPEA_W@std@@YAPEAXPEAPEA_W@Z 00000001800056b0 f i cppsharedlib_interface_util.obj
 0001:000046c0       ??$_Voidify_iter@PEA_W@std@@YAPEAXPEA_W@Z 00000001800056c0 f i cppsharedlib_interface_util.obj
 0001:000046d0       ??$addressof@PEA_W@std@@YAPEAPEA_WAEAPEA_W@Z 00000001800056d0 f i cppsharedlib_interface_util.obj
 0001:000046e0       ??$construct@_WAEB_W@?$_Default_allocator_traits@V?$allocator@_W@std@@@std@@SAXAEAV?$allocator@_W@1@QEA_WAEB_W@Z 00000001800056e0 f i cppsharedlib_interface_util.obj
 0001:000046f0       ??$forward@AEBQEA_W@std@@YAAEBQEA_WAEBQEA_W@Z 00000001800056f0 f i cppsharedlib_interface_util.obj
 0001:00004700       ??$forward@AEBV?$allocator@_W@std@@@std@@YAAEBV?$allocator@_W@0@AEBV10@@Z 0000000180005700 f i cppsharedlib_interface_util.obj
 0001:00004710       ??$forward@AEB_W@std@@YAAEB_WAEB_W@Z 0000000180005710 f i cppsharedlib_interface_util.obj
 0001:00004720       ??0?$_String_val@U?$_Simple_types@_W@std@@@std@@QEAA@XZ 0000000180005720 f i cppsharedlib_interface_util.obj
 0001:00004740       ??0?$_Uninitialized_backout_al@V?$allocator@_W@std@@@std@@QEAA@PEA_WAEAV?$allocator@_W@1@@Z 0000000180005740 f i cppsharedlib_interface_util.obj
 0001:00004750       ??0?$_Vector_val@U?$_Simple_types@_W@std@@@std@@QEAA@XZ 0000000180005750 f i cppsharedlib_interface_util.obj
 0001:00004770       ??0?$allocator@_W@std@@QEAA@XZ 0000000180005770 f i cppsharedlib_interface_util.obj
 0001:00004780       ??0?$basic_string@DU?$char_traits@D@std@@V?$allocator@D@2@@std@@QEAA@XZ 0000000180005780 f i cppsharedlib_interface_util.obj
 0001:000047a0       ??0?$basic_string@_WU?$char_traits@_W@std@@V?$allocator@_W@2@@std@@QEAA@_K_W@Z 00000001800057a0 f i cppsharedlib_interface_util.obj
 0001:00004890       ??0?$vector@_WV?$allocator@_W@std@@@std@@QEAA@_KAEB_WAEBV?$allocator@_W@1@@Z 0000000180005890 f i cppsharedlib_interface_util.obj
 0001:00004950       ??0_Bxty@?$_String_val@U?$_Simple_types@_W@std@@@std@@QEAA@XZ 0000000180005950 f i cppsharedlib_interface_util.obj
 0001:00004960       ??1?$_Compressed_pair@V?$allocator@_W@std@@V?$_String_val@U?$_Simple_types@_W@std@@@2@$00@std@@QEAA@XZ 0000000180005960 f i cppsharedlib_interface_util.obj
 0001:00004970       ??1?$_String_val@U?$_Simple_types@_W@std@@@std@@QEAA@XZ 0000000180005970 f i cppsharedlib_interface_util.obj
 0001:00004980       ??1?$_Tidy_guard@V?$vector@_WV?$allocator@_W@std@@@std@@@std@@QEAA@XZ 0000000180005980 f i cppsharedlib_interface_util.obj
 0001:00004990       ??1?$_Uninitialized_backout_al@V?$allocator@_W@std@@@std@@QEAA@XZ 0000000180005990 f i cppsharedlib_interface_util.obj
 0001:000049a0       ??1?$basic_string@_WU?$char_traits@_W@std@@V?$allocator@_W@2@@std@@QEAA@XZ 00000001800059a0 f i cppsharedlib_interface_util.obj
 0001:000049b0       ??1?$vector@_WV?$allocator@_W@std@@@std@@QEAA@XZ 00000001800059b0 f i cppsharedlib_interface_util.obj
 0001:000049c0       ??1_Bxty@?$_String_val@U?$_Simple_types@_W@std@@@std@@QEAA@XZ 00000001800059c0 f i cppsharedlib_interface_util.obj
 0001:000049d0       ??A?$basic_string@_WU?$char_traits@_W@std@@V?$allocator@_W@2@@std@@QEAAAEA_W_K@Z 00000001800059d0 f i cppsharedlib_interface_util.obj
 0001:000049f0       ??A?$vector@_WV?$allocator@_W@std@@@std@@QEAAAEA_W_K@Z 00000001800059f0 f i cppsharedlib_interface_util.obj
 0001:00004a00       ??R<lambda_b316f76599580dcfa601a433435bf0fe>@@QEBA@QEA_W_K_W@Z 0000000180005a00 f i cppsharedlib_interface_util.obj
 0001:00004a30       ??R<lambda_e1befb086ad3257e3f042a63030725f7>@@QEBA@QEADQEBD_K2D@Z 0000000180005a30 f i cppsharedlib_interface_util.obj
 0001:00004a80       ?_Buy_nonzero@?$vector@_WV?$allocator@_W@std@@@std@@AEAAX_K@Z 0000000180005a80 f i cppsharedlib_interface_util.obj
 0001:00004ad0       ?_Buy_raw@?$vector@_WV?$allocator@_W@std@@@std@@AEAAX_K@Z 0000000180005ad0 f i cppsharedlib_interface_util.obj
 0001:00004b00       ?_Calculate_growth@?$basic_string@_WU?$char_traits@_W@std@@V?$allocator@_W@2@@std@@AEBA_K_K@Z 0000000180005b00 f i cppsharedlib_interface_util.obj
 0001:00004b40       ?_Calculate_growth@?$basic_string@_WU?$char_traits@_W@std@@V?$allocator@_W@2@@std@@CA_K_K00@Z 0000000180005b40 f i cppsharedlib_interface_util.obj
 0001:00004b70       ?_Destroy@?$vector@_WV?$allocator@_W@std@@@std@@AEAAXPEA_W0@Z 0000000180005b70 f i cppsharedlib_interface_util.obj
 0001:00004b80       ?_Eos@?$basic_string@DU?$char_traits@D@std@@V?$allocator@D@2@@std@@AEAAX_K@Z 0000000180005b80 f i cppsharedlib_interface_util.obj
 0001:00004ba0       ?_Get_first@?$_Compressed_pair@V?$allocator@_W@std@@V?$_String_val@U?$_Simple_types@_W@std@@@2@$00@std@@QEAAAEAV?$allocator@_W@2@XZ 0000000180005ba0 f i cppsharedlib_interface_util.obj
 0001:00004bb0       ?_Get_first@?$_Compressed_pair@V?$allocator@_W@std@@V?$_String_val@U?$_Simple_types@_W@std@@@2@$00@std@@QEBAAEBV?$allocator@_W@2@XZ 0000000180005bb0 f i cppsharedlib_interface_util.obj
 0001:00004bc0       ?_Get_first@?$_Compressed_pair@V?$allocator@_W@std@@V?$_Vector_val@U?$_Simple_types@_W@std@@@2@$00@std@@QEAAAEAV?$allocator@_W@2@XZ 0000000180005bc0 f i cppsharedlib_interface_util.obj
 0001:00004bd0       ?_Get_first@?$_Compressed_pair@V?$allocator@_W@std@@V?$_Vector_val@U?$_Simple_types@_W@std@@@2@$00@std@@QEBAAEBV?$allocator@_W@2@XZ 0000000180005bd0 f i cppsharedlib_interface_util.obj
 0001:00004be0       ?_Getal@?$basic_string@_WU?$char_traits@_W@std@@V?$allocator@_W@2@@std@@AEAAAEAV?$allocator@_W@2@XZ 0000000180005be0 f i cppsharedlib_interface_util.obj
 0001:00004bf0       ?_Getal@?$basic_string@_WU?$char_traits@_W@std@@V?$allocator@_W@2@@std@@AEBAAEBV?$allocator@_W@2@XZ 0000000180005bf0 f i cppsharedlib_interface_util.obj
 0001:00004c00       ?_Getal@?$vector@_WV?$allocator@_W@std@@@std@@AEAAAEAV?$allocator@_W@2@XZ 0000000180005c00 f i cppsharedlib_interface_util.obj
 0001:00004c10       ?_Getal@?$vector@_WV?$allocator@_W@std@@@std@@AEBAAEBV?$allocator@_W@2@XZ 0000000180005c10 f i cppsharedlib_interface_util.obj
 0001:00004c20       ?_Large_string_engaged@?$_String_val@U?$_Simple_types@_W@std@@@std@@QEBA_NXZ 0000000180005c20 f i cppsharedlib_interface_util.obj
 0001:00004c30       ?_Myptr@?$_String_val@U?$_Simple_types@_W@std@@@std@@QEAAPEA_WXZ 0000000180005c30 f i cppsharedlib_interface_util.obj
 0001:00004c40       ?_Release@?$_Uninitialized_backout_al@V?$allocator@_W@std@@@std@@QEAAPEA_WXZ 0000000180005c40 f i cppsharedlib_interface_util.obj
 0001:00004c50       ?_Tidy@?$vector@_WV?$allocator@_W@std@@@std@@AEAAXXZ 0000000180005c50 f i cppsharedlib_interface_util.obj
 0001:00004cb0       ?_Tidy_deallocate@?$basic_string@_WU?$char_traits@_W@std@@V?$allocator@_W@2@@std@@AEAAXXZ 0000000180005cb0 f i cppsharedlib_interface_util.obj
 0001:00004d20       ?_Tidy_init@?$basic_string@_WU?$char_traits@_W@std@@V?$allocator@_W@2@@std@@AEAAXXZ 0000000180005d20 f i cppsharedlib_interface_util.obj
 0001:00004d40       ?_Ufill@?$vector@_WV?$allocator@_W@std@@@std@@AEAAPEA_WPEA_W_KAEB_W@Z 0000000180005d40 f i cppsharedlib_interface_util.obj
 0001:00004da0       ?_Xlength@?$vector@_WV?$allocator@_W@std@@@std@@CAXXZ 0000000180005da0 f i cppsharedlib_interface_util.obj
 0001:00004dc0       ?allocate@?$allocator@_W@std@@QEAAPEA_W_K@Z 0000000180005dc0 f i cppsharedlib_interface_util.obj
 0001:00004e30       ?append@?$basic_string@DU?$char_traits@D@std@@V?$allocator@D@2@@std@@QEAAAEAV12@_KD@Z 0000000180005e30 f i cppsharedlib_interface_util.obj
 0001:00004ec0       ?assign@?$_Narrow_char_traits@DH@std@@SAPEADQEAD_KD@Z 0000000180005ec0 f i cppsharedlib_interface_util.obj
 0001:00004ef0       ?assign@?$_WChar_traits@_W@std@@SAPEA_WQEA_W_K_W@Z 0000000180005ef0 f i cppsharedlib_interface_util.obj
 0001:00004f20       ?assign@?$_WChar_traits@_W@std@@SAXAEA_WAEB_W@Z 0000000180005f20 f i cppsharedlib_interface_util.obj
 0001:00004f30       ?assign@?$basic_string@_WU?$char_traits@_W@std@@V?$allocator@_W@2@@std@@QEAAAEAV12@_K_W@Z 0000000180005f30 f i cppsharedlib_interface_util.obj
 0001:00005060       ?data@?$basic_string@DU?$char_traits@D@std@@V?$allocator@D@2@@std@@QEAAPEADXZ 0000000180006060 f i cppsharedlib_interface_util.obj
 0001:00005070       ?data@?$basic_string@_WU?$char_traits@_W@std@@V?$allocator@_W@2@@std@@QEAAPEA_WXZ 0000000180006070 f i cppsharedlib_interface_util.obj
 0001:00005080       ?data@?$vector@_WV?$allocator@_W@std@@@std@@QEAAPEA_WXZ 0000000180006080 f i cppsharedlib_interface_util.obj
 0001:00005090       ?deallocate@?$allocator@_W@std@@QEAAXQEA_W_K@Z 0000000180006090 f i cppsharedlib_interface_util.obj
 0001:000050e0       ?max_size@?$_Default_allocator_traits@V?$allocator@_W@std@@@std@@SA_KAEBV?$allocator@_W@2@@Z 00000001800060e0 f i cppsharedlib_interface_util.obj
 0001:000050f0       ?max_size@?$basic_string@_WU?$char_traits@_W@std@@V?$allocator@_W@2@@std@@QEBA_KXZ 00000001800060f0 f i cppsharedlib_interface_util.obj
 0001:00005100       ?max_size@?$vector@_WV?$allocator@_W@std@@@std@@QEBA_KXZ 0000000180006100 f i cppsharedlib_interface_util.obj
 0001:00005110       ?resize@?$basic_string@DU?$char_traits@D@std@@V?$allocator@D@2@@std@@QEAAX_KD@Z 0000000180006110 f i cppsharedlib_interface_util.obj
 0001:000051b0       ?size@?$basic_string@DU?$char_traits@D@std@@V?$allocator@D@2@@std@@QEBA_KXZ 00000001800061b0 f i cppsharedlib_interface_util.obj
 0001:000051c0       util_destroy_utf16         00000001800061c0 f   cppsharedlib_interface_util.obj
 0001:000051d0       util_destroy_utf8          00000001800061d0 f   cppsharedlib_interface_util.obj
 0001:000051e0       util_utf16_to_utf8         00000001800061e0 f   cppsharedlib_interface_util.obj
 0001:00005560       util_utf8_to_utf16         0000000180006560 f   cppsharedlib_interface_util.obj
 0001:000056e0       wmemset                    00000001800066e0 f i cppsharedlib_interface_util.obj
 0001:00005708       GetLastError               0000000180006708 f   kernel32:KERNEL32.dll
 0001:0000570e       GetModuleFileNameA         000000018000670e f   kernel32:KERNEL32.dll
 0001:00005714       GetProcAddress             0000000180006714 f   kernel32:KERNEL32.dll
 0001:0000571a       LoadLibraryA               000000018000671a f   kernel32:KERNEL32.dll
 0001:00005720       LocalFree                  0000000180006720 f   kernel32:KERNEL32.dll
 0001:00005726       FormatMessageA             0000000180006726 f   kernel32:KERNEL32.dll
 0001:0000572c       SetDllDirectoryA           000000018000672c f   kernel32:KERNEL32.dll
 0001:00005732       MultiByteToWideChar        0000000180006732 f   kernel32:KERNEL32.dll
 0001:00005738       WideCharToMultiByte        0000000180006738 f   kernel32:KERNEL32.dll
 0001:0000573e       ?_Xbad_alloc@std@@YAXXZ    000000018000673e f   msvcprt:MSVCP140.dll
 0001:00005744       ?_Xlength_error@std@@YAXPEBD@Z 0000000180006744 f   msvcprt:MSVCP140.dll
 0001:0000574a       ?uncaught_exception@std@@YA_NXZ 000000018000674a f   msvcprt:MSVCP140.dll
 0001:00005750       _Mbrtowc                   0000000180006750 f   msvcprt:MSVCP140.dll
 0001:00005756       ?_Getcvt@_Locinfo@std@@QEBA?AU_Cvtvec@@XZ 0000000180006756 f   msvcprt:MSVCP140.dll
 0001:0000575c       ?_W_Getdays@_Locinfo@std@@QEBAPEBGXZ 000000018000675c f   msvcprt:MSVCP140.dll
 0001:00005762       ?_W_Getmonths@_Locinfo@std@@QEBAPEBGXZ 0000000180006762 f   msvcprt:MSVCP140.dll
 0001:00005768       ?sputc@?$basic_streambuf@DU?$char_traits@D@std@@@std@@QEAAHD@Z 0000000180006768 f   msvcprt:MSVCP140.dll
 0001:0000576e       ?sputn@?$basic_streambuf@DU?$char_traits@D@std@@@std@@QEAA_JPEBD_J@Z 000000018000676e f   msvcprt:MSVCP140.dll
 0001:00005774       ?setstate@?$basic_ios@DU?$char_traits@D@std@@@std@@QEAAXH_N@Z 0000000180006774 f   msvcprt:MSVCP140.dll
 0001:0000577a       ?widen@?$basic_ios@DU?$char_traits@D@std@@@std@@QEBADD@Z 000000018000677a f   msvcprt:MSVCP140.dll
 0001:00005780       ?_Osfx@?$basic_ostream@DU?$char_traits@D@std@@@std@@QEAAXXZ 0000000180006780 f   msvcprt:MSVCP140.dll
 0001:00005786       ??6?$basic_ostream@DU?$char_traits@D@std@@@std@@QEAAAEAV01@P6AAEAV01@AEAV01@@Z@Z 0000000180006786 f   msvcprt:MSVCP140.dll
 0001:0000578c       ?put@?$basic_ostream@DU?$char_traits@D@std@@@std@@QEAAAEAV12@D@Z 000000018000678c f   msvcprt:MSVCP140.dll
 0001:00005792       ?flush@?$basic_ostream@DU?$char_traits@D@std@@@std@@QEAAAEAV12@XZ 0000000180006792 f   msvcprt:MSVCP140.dll
 0001:00005798       ??2@YAPEAX_K@Z             0000000180006798 f   MSVCRT:new_scalar.obj
 0001:000057d4       ??3@YAXPEAX_K@Z            00000001800067d4 f   MSVCRT:delete_scalar_size.obj
 0001:000057f0       _alloca_probe              00000001800067f0 f   MSVCRT:chkstk.obj
 0001:000057f0       __chkstk                   00000001800067f0 f   MSVCRT:chkstk.obj
 0001:00005840       ??1type_info@@UEAA@XZ      0000000180006840 f   MSVCRT:std_type_info_static.obj
 0001:0000584c       ??_Gtype_info@@UEAAPEAXI@Z 000000018000684c f i MSVCRT:std_type_info_static.obj
 0001:0000584c       ??_Etype_info@@UEAAPEAXI@Z 000000018000684c f i MSVCRT:std_type_info_static.obj
 0001:00005bb4       _CRT_INIT                  0000000180006bb4 f   MSVCRT:dll_dllmain.obj
 0001:00005bbc       _DllMainCRTStartup         0000000180006bbc f   MSVCRT:dll_dllmain.obj
 0001:00005bfc       ??0bad_alloc@std@@QEAA@XZ  0000000180006bfc f i MSVCRT:throw_bad_alloc.obj
 0001:00005c1c       ?__scrt_throw_std_bad_alloc@@YAXXZ 0000000180006c1c f   MSVCRT:throw_bad_alloc.obj
 0001:00005c3c       ?__scrt_throw_std_bad_array_new_length@@YAXXZ 0000000180006c3c f   MSVCRT:throw_bad_alloc.obj
 0001:00005c5c       ??3@YAXPEAX@Z              0000000180006c5c f   MSVCRT:delete_scalar.obj
 0001:00005cd0       __security_init_cookie     0000000180006cd0 f   MSVCRT:gs_support.obj
 0001:00005d7c       ?__scrt_initialize_type_info@@YAXXZ 0000000180006d7c f   MSVCRT:tncleanup.obj
 0001:00005d8c       ?__scrt_uninitialize_type_info@@YAXXZ 0000000180006d8c f   MSVCRT:tncleanup.obj
 0001:00005d98       __local_stdio_printf_options 0000000180006d98 f i MSVCRT:default_local_stdio_options.obj
 0001:00005da0       __local_stdio_scanf_options 0000000180006da0 f i MSVCRT:default_local_stdio_options.obj
 0001:00005da8       __scrt_initialize_default_local_stdio_options 0000000180006da8 f   MSVCRT:default_local_stdio_options.obj
 0001:00005dc4       ?configure_argv@__scrt_narrow_argv_policy@@SAHXZ 0000000180006dc4 f i MSVCRT:utility.obj
 0001:00005e24       ?initialize_environment@__scrt_narrow_environment_policy@@SAHXZ 0000000180006e24 f i MSVCRT:utility.obj
 0001:00005e5c       NtCurrentTeb               0000000180006e5c f i MSVCRT:utility.obj
 0001:00005e68       __scrt_acquire_startup_lock 0000000180006e68 f   MSVCRT:utility.obj
 0001:00005ea4       __scrt_dllmain_after_initialize_c 0000000180006ea4 f   MSVCRT:utility.obj
 0001:00005ed8       __scrt_dllmain_before_initialize_c 0000000180006ed8 f   MSVCRT:utility.obj
 0001:00005ef0       __scrt_dllmain_crt_thread_attach 0000000180006ef0 f   MSVCRT:utility.obj
 0001:00005f18       __scrt_dllmain_crt_thread_detach 0000000180006f18 f   MSVCRT:utility.obj
 0001:00005f30       __scrt_dllmain_exception_filter 0000000180006f30 f   MSVCRT:utility.obj
 0001:00005f90       __scrt_dllmain_uninitialize_c 0000000180006f90 f   MSVCRT:utility.obj
 0001:00005fc0       __scrt_dllmain_uninitialize_critical 0000000180006fc0 f   MSVCRT:utility.obj
 0001:00005fd4       __scrt_initialize_crt      0000000180006fd4 f   MSVCRT:utility.obj
 0001:00006020       __scrt_initialize_onexit_tables 0000000180007020 f   MSVCRT:utility.obj
 0001:000060ac       __scrt_is_nonwritable_in_current_image 00000001800070ac f   MSVCRT:utility.obj
 0001:00006144       __scrt_release_startup_lock 0000000180007144 f   MSVCRT:utility.obj
 0001:00006168       __scrt_uninitialize_crt    0000000180007168 f   MSVCRT:utility.obj
 0001:00006194       _onexit                    0000000180007194 f   MSVCRT:utility.obj
 0001:000061d0       at_quick_exit              00000001800071d0 f   MSVCRT:utility.obj
 0001:000061f0       atexit                     00000001800071f0 f   MSVCRT:utility.obj
 0001:00006208       __scrt_get_dyn_tls_init_callback 0000000180007208 f   MSVCRT:dyn_tls_init.obj
 0001:00006210       __crt_debugger_hook        0000000180007210 f   MSVCRT:utility_desktop.obj
 0001:00006218       __scrt_fastfail            0000000180007218 f   MSVCRT:utility_desktop.obj
 0001:00006364       __scrt_get_show_window_mode 0000000180007364 f   MSVCRT:utility_desktop.obj
 0001:000063a0       __scrt_initialize_mta      00000001800073a0 f   MSVCRT:utility_desktop.obj
 0001:000063a8       __scrt_initialize_winrt    00000001800073a8 f   MSVCRT:utility_desktop.obj
 0001:000063ac       __scrt_is_managed_app      00000001800073ac f   MSVCRT:utility_desktop.obj
 0001:00006400       __scrt_set_unhandled_exception_filter 0000000180007400 f   MSVCRT:utility_desktop.obj
 0001:00006410       __scrt_exe_initialize_mta  0000000180007410 f   MSVCRT:utility_desktop.obj
 0001:00006410       __scrt_stub_for_initialize_mta 0000000180007410 f   MSVCRT:utility_desktop.obj
 0001:00006414       __scrt_unhandled_exception_filter 0000000180007414 f   MSVCRT:utility_desktop.obj
 0001:00006470       _RTC_Initialize            0000000180007470 f   MSVCRT:initsect.obj
 0001:000064ac       _RTC_Terminate             00000001800074ac f   MSVCRT:initsect.obj
 0001:000064e8       _guard_check_icall_nop     00000001800074e8 f i MSVCRT:guard_support.obj
 0001:000064ec       ReadNoFence64              00000001800074ec f i MSVCRT:guard_support.obj
 0001:000064f0       ReadPointerNoFence         00000001800074f0 f i MSVCRT:guard_support.obj
 0001:000064f4       __castguard_check_failure_debugbreak 00000001800074f4 f i MSVCRT:guard_support.obj
 0001:00006510       __castguard_check_failure_fastfail 0000000180007510 f i MSVCRT:guard_support.obj
 0001:00006534       __castguard_check_failure_nop 0000000180007534 f i MSVCRT:guard_support.obj
 0001:00006538       __castguard_check_failure_os_handled 0000000180007538 f i MSVCRT:guard_support.obj
 0001:00006598       __castguard_slow_path_check_debugbreak 0000000180007598 f i MSVCRT:guard_support.obj
 0001:000065cc       __castguard_slow_path_check_fastfail 00000001800075cc f i MSVCRT:guard_support.obj
 0001:00006608       __castguard_slow_path_check_nop 0000000180007608 f i MSVCRT:guard_support.obj
 0001:0000660c       __castguard_slow_path_check_os_handled 000000018000760c f i MSVCRT:guard_support.obj
 0001:00006680       _guard_icall_checks_enforced 0000000180007680 f i MSVCRT:guard_support.obj
 0001:00006698       _guard_rf_checks_enforced  0000000180007698 f i MSVCRT:guard_support.obj
 0001:0000669c       __isa_available_init       000000018000769c f   MSVCRT:cpu_disp.obj
 0001:00006840       _get_startup_argv_mode     0000000180007840 f   MSVCRT:argv_mode.obj
 0001:00006848       __scrt_is_ucrt_dll_in_use  0000000180007848 f   MSVCRT:ucrt_detection.obj
 0001:00006860       __std_terminate            0000000180007860 f   vcruntime:VCRUNTIME140.dll
 0001:00006866       __std_exception_copy       0000000180007866 f   vcruntime:VCRUNTIME140.dll
 0001:0000686c       __std_exception_destroy    000000018000786c f   vcruntime:VCRUNTIME140.dll
 0001:00006872       _CxxThrowException         0000000180007872 f   vcruntime:VCRUNTIME140.dll
 0001:00006878       __CxxFrameHandler4         0000000180007878 f   vcruntime:VCRUNTIME140_1.dll
 0001:0000687e       memcpy                     000000018000787e f   vcruntime:VCRUNTIME140.dll
 0001:00006884       memmove                    0000000180007884 f   vcruntime:VCRUNTIME140.dll
 0001:0000688a       memset                     000000018000788a f   vcruntime:VCRUNTIME140.dll
 0001:00006890       __C_specific_handler       0000000180007890 f   vcruntime:VCRUNTIME140.dll
 0001:00006896       __std_type_info_destroy_list 0000000180007896 f   vcruntime:VCRUNTIME140.dll
 0001:0000689c       __current_exception        000000018000789c f   vcruntime:VCRUNTIME140.dll
 0001:000068a2       __current_exception_context 00000001800078a2 f   vcruntime:VCRUNTIME140.dll
 0001:000068a8       _invalid_parameter_noinfo_noreturn 00000001800078a8 f   ucrt:api-ms-win-crt-runtime-l1-1-0.dll
 0001:000068ae       calloc                     00000001800078ae f   ucrt:api-ms-win-crt-heap-l1-1-0.dll
 0001:000068b4       free                       00000001800078b4 f   ucrt:api-ms-win-crt-heap-l1-1-0.dll
 0001:000068ba       abort                      00000001800078ba f   ucrt:api-ms-win-crt-runtime-l1-1-0.dll
 0001:000068c0       _fullpath                  00000001800078c0 f   ucrt:api-ms-win-crt-filesystem-l1-1-0.dll
 0001:000068c6       _splitpath                 00000001800078c6 f   ucrt:api-ms-win-crt-filesystem-l1-1-0.dll
 0001:000068cc       getenv                     00000001800078cc f   ucrt:api-ms-win-crt-environment-l1-1-0.dll
 0001:000068d2       _putenv                    00000001800078d2 f   ucrt:api-ms-win-crt-environment-l1-1-0.dll
 0001:000068d8       malloc                     00000001800078d8 f   ucrt:api-ms-win-crt-heap-l1-1-0.dll
 0001:000068de       _callnewh                  00000001800078de f   ucrt:api-ms-win-crt-heap-l1-1-0.dll
 0001:000068e4       _initterm                  00000001800078e4 f   ucrt:api-ms-win-crt-runtime-l1-1-0.dll
 0001:000068ea       _initterm_e                00000001800078ea f   ucrt:api-ms-win-crt-runtime-l1-1-0.dll
 0001:000068f0       _seh_filter_dll            00000001800078f0 f   ucrt:api-ms-win-crt-runtime-l1-1-0.dll
 0001:000068f6       _configure_narrow_argv     00000001800078f6 f   ucrt:api-ms-win-crt-runtime-l1-1-0.dll
 0001:000068fc       _initialize_narrow_environment 00000001800078fc f   ucrt:api-ms-win-crt-runtime-l1-1-0.dll
 0001:00006902       _initialize_onexit_table   0000000180007902 f   ucrt:api-ms-win-crt-runtime-l1-1-0.dll
 0001:00006908       _register_onexit_function  0000000180007908 f   ucrt:api-ms-win-crt-runtime-l1-1-0.dll
 0001:0000690e       _execute_onexit_table      000000018000790e f   ucrt:api-ms-win-crt-runtime-l1-1-0.dll
 0001:00006914       _crt_atexit                0000000180007914 f   ucrt:api-ms-win-crt-runtime-l1-1-0.dll
 0001:0000691a       _crt_at_quick_exit         000000018000791a f   ucrt:api-ms-win-crt-runtime-l1-1-0.dll
 0001:00006920       _cexit                     0000000180007920 f   ucrt:api-ms-win-crt-runtime-l1-1-0.dll
 0001:00006926       terminate                  0000000180007926 f   ucrt:api-ms-win-crt-runtime-l1-1-0.dll
 0001:0000692c       InitOnceBeginInitialize    000000018000792c f   kernel32:KERNEL32.dll
 0001:00006932       InitOnceComplete           0000000180007932 f   kernel32:KERNEL32.dll
 0001:00006938       QueryPerformanceCounter    0000000180007938 f   kernel32:KERNEL32.dll
 0001:0000693e       GetCurrentProcessId        000000018000793e f   kernel32:KERNEL32.dll
 0001:00006944       GetCurrentThreadId         0000000180007944 f   kernel32:KERNEL32.dll
 0001:0000694a       GetSystemTimeAsFileTime    000000018000794a f   kernel32:KERNEL32.dll
 0001:00006950       InitializeSListHead        0000000180007950 f   kernel32:KERNEL32.dll
 0001:00006956       RtlCaptureContext          0000000180007956 f   kernel32:KERNEL32.dll
 0001:0000695c       RtlLookupFunctionEntry     000000018000795c f   kernel32:KERNEL32.dll
 0001:00006962       RtlVirtualUnwind           0000000180007962 f   kernel32:KERNEL32.dll
 0001:00006968       IsDebuggerPresent          0000000180007968 f   kernel32:KERNEL32.dll
 0001:0000696e       UnhandledExceptionFilter   000000018000796e f   kernel32:KERNEL32.dll
 0001:00006974       SetUnhandledExceptionFilter 0000000180007974 f   kernel32:KERNEL32.dll
 0001:0000697a       GetStartupInfoW            000000018000797a f   kernel32:KERNEL32.dll
 0001:00006980       IsProcessorFeaturePresent  0000000180007980 f   kernel32:KERNEL32.dll
 0001:00006986       GetModuleHandleW           0000000180007986 f   kernel32:KERNEL32.dll
 0001:0000698c       __acrt_initialize          000000018000798c f   MSVCRT:ucrt_stubs.obj
 0001:0000698c       __scrt_stub_for_acrt_initialize 000000018000798c f   MSVCRT:ucrt_stubs.obj
 0001:0000698c       __vcrt_initialize          000000018000798c f   MSVCRT:ucrt_stubs.obj
 0001:00006990       __acrt_thread_attach       0000000180007990 f   MSVCRT:ucrt_stubs.obj
 0001:00006990       __scrt_stub_for_acrt_thread_attach 0000000180007990 f   MSVCRT:ucrt_stubs.obj
 0001:00006990       __vcrt_thread_attach       0000000180007990 f   MSVCRT:ucrt_stubs.obj
 0001:00006994       __scrt_stub_for_acrt_thread_detach 0000000180007994 f   MSVCRT:ucrt_stubs.obj
 0001:00006994       __vcrt_thread_detach       0000000180007994 f   MSVCRT:ucrt_stubs.obj
 0001:00006994       __acrt_thread_detach       0000000180007994 f   MSVCRT:ucrt_stubs.obj
 0001:00006998       __vcrt_uninitialize        0000000180007998 f   MSVCRT:ucrt_stubs.obj
 0001:00006998       __scrt_stub_for_acrt_uninitialize 0000000180007998 f   MSVCRT:ucrt_stubs.obj
 0001:00006998       __acrt_uninitialize        0000000180007998 f   MSVCRT:ucrt_stubs.obj
 0001:0000699c       __vcrt_uninitialize_critical 000000018000799c f   MSVCRT:ucrt_stubs.obj
 0001:0000699c       __acrt_uninitialize_critical 000000018000799c f   MSVCRT:ucrt_stubs.obj
 0001:0000699c       __scrt_stub_for_acrt_uninitialize_critical 000000018000799c f   MSVCRT:ucrt_stubs.obj
 0001:000069a0       _is_c_termination_complete 00000001800079a0 f   MSVCRT:ucrt_stubs.obj
 0001:000069a0       __scrt_stub_for_is_c_termination_complete 00000001800079a0 f   MSVCRT:ucrt_stubs.obj
 0001:000069c0       _guard_dispatch_icall_nop  00000001800079c0 f   MSVCRT:guard_dispatch.obj
 0001:000069e0       _guard_xfg_dispatch_icall_nop 00000001800079e0 f   MSVCRT:guard_xfg_dispatch.obj
 0002:00000000       __imp_GetLastError         0000000180008000     kernel32:KERNEL32.dll
 0002:00000008       __imp_GetModuleFileNameA   0000000180008008     kernel32:KERNEL32.dll
 0002:00000010       __imp_GetProcAddress       0000000180008010     kernel32:KERNEL32.dll
 0002:00000018       __imp_LoadLibraryA         0000000180008018     kernel32:KERNEL32.dll
 0002:00000020       __imp_LocalFree            0000000180008020     kernel32:KERNEL32.dll
 0002:00000028       __imp_FormatMessageA       0000000180008028     kernel32:KERNEL32.dll
 0002:00000030       __imp_SetDllDirectoryA     0000000180008030     kernel32:KERNEL32.dll
 0002:00000038       __imp_MultiByteToWideChar  0000000180008038     kernel32:KERNEL32.dll
 0002:00000040       __imp_WideCharToMultiByte  0000000180008040     kernel32:KERNEL32.dll
 0002:00000048       __imp_IsProcessorFeaturePresent 0000000180008048     kernel32:KERNEL32.dll
 0002:00000050       __imp_GetStartupInfoW      0000000180008050     kernel32:KERNEL32.dll
 0002:00000058       __imp_SetUnhandledExceptionFilter 0000000180008058     kernel32:KERNEL32.dll
 0002:00000060       __imp_UnhandledExceptionFilter 0000000180008060     kernel32:KERNEL32.dll
 0002:00000068       __imp_IsDebuggerPresent    0000000180008068     kernel32:KERNEL32.dll
 0002:00000070       __imp_RtlVirtualUnwind     0000000180008070     kernel32:KERNEL32.dll
 0002:00000078       __imp_RtlLookupFunctionEntry 0000000180008078     kernel32:KERNEL32.dll
 0002:00000080       __imp_RtlCaptureContext    0000000180008080     kernel32:KERNEL32.dll
 0002:00000088       __imp_InitializeSListHead  0000000180008088     kernel32:KERNEL32.dll
 0002:00000090       __imp_GetSystemTimeAsFileTime 0000000180008090     kernel32:KERNEL32.dll
 0002:00000098       __imp_GetCurrentThreadId   0000000180008098     kernel32:KERNEL32.dll
 0002:000000a0       __imp_GetCurrentProcessId  00000001800080a0     kernel32:KERNEL32.dll
 0002:000000a8       __imp_QueryPerformanceCounter 00000001800080a8     kernel32:KERNEL32.dll
 0002:000000b0       __imp_InitOnceComplete     00000001800080b0     kernel32:KERNEL32.dll
 0002:000000b0       __imp___std_init_once_complete 00000001800080b0     kernel32:KERNEL32.dll
 0002:000000b8       __imp_InitOnceBeginInitialize 00000001800080b8     kernel32:KERNEL32.dll
 0002:000000b8       __imp___std_init_once_begin_initialize 00000001800080b8     kernel32:KERNEL32.dll
 0002:000000c0       __imp_GetModuleHandleW     00000001800080c0     kernel32:KERNEL32.dll
 0002:000000c8       \177KERNEL32_NULL_THUNK_DATA 00000001800080c8     kernel32:KERNEL32.dll
 0002:000000d0       __imp_?_Xlength_error@std@@YAXPEBD@Z 00000001800080d0     msvcprt:MSVCP140.dll
 0002:000000d8       __imp_?uncaught_exception@std@@YA_NXZ 00000001800080d8     msvcprt:MSVCP140.dll
 0002:000000e0       __imp__Mbrtowc             00000001800080e0     msvcprt:MSVCP140.dll
 0002:000000e8       __imp_?_Getcvt@_Locinfo@std@@QEBA?AU_Cvtvec@@XZ 00000001800080e8     msvcprt:MSVCP140.dll
 0002:000000f0       __imp_?_W_Getdays@_Locinfo@std@@QEBAPEBGXZ 00000001800080f0     msvcprt:MSVCP140.dll
 0002:000000f8       __imp_?_W_Getmonths@_Locinfo@std@@QEBAPEBGXZ 00000001800080f8     msvcprt:MSVCP140.dll
 0002:00000100       __imp_?sputc@?$basic_streambuf@DU?$char_traits@D@std@@@std@@QEAAHD@Z 0000000180008100     msvcprt:MSVCP140.dll
 0002:00000108       __imp_?sputn@?$basic_streambuf@DU?$char_traits@D@std@@@std@@QEAA_JPEBD_J@Z 0000000180008108     msvcprt:MSVCP140.dll
 0002:00000110       __imp_?setstate@?$basic_ios@DU?$char_traits@D@std@@@std@@QEAAXH_N@Z 0000000180008110     msvcprt:MSVCP140.dll
 0002:00000118       __imp_?widen@?$basic_ios@DU?$char_traits@D@std@@@std@@QEBADD@Z 0000000180008118     msvcprt:MSVCP140.dll
 0002:00000120       __imp_?_Osfx@?$basic_ostream@DU?$char_traits@D@std@@@std@@QEAAXXZ 0000000180008120     msvcprt:MSVCP140.dll
 0002:00000128       __imp_??6?$basic_ostream@DU?$char_traits@D@std@@@std@@QEAAAEAV01@P6AAEAV01@AEAV01@@Z@Z 0000000180008128     msvcprt:MSVCP140.dll
 0002:00000130       __imp_?put@?$basic_ostream@DU?$char_traits@D@std@@@std@@QEAAAEAV12@D@Z 0000000180008130     msvcprt:MSVCP140.dll
 0002:00000138       __imp_?cout@std@@3V?$basic_ostream@DU?$char_traits@D@std@@@1@A 0000000180008138     msvcprt:MSVCP140.dll
 0002:00000140       __imp_?_Xbad_alloc@std@@YAXXZ 0000000180008140     msvcprt:MSVCP140.dll
 0002:00000148       __imp_?flush@?$basic_ostream@DU?$char_traits@D@std@@@std@@QEAAAEAV12@XZ 0000000180008148     msvcprt:MSVCP140.dll
 0002:00000150       \177MSVCP140_NULL_THUNK_DATA 0000000180008150     msvcprt:MSVCP140.dll
 0002:00000158       __imp___current_exception_context 0000000180008158     vcruntime:VCRUNTIME140.dll
 0002:00000160       __imp___std_terminate      0000000180008160     vcruntime:VCRUNTIME140.dll
 0002:00000168       __imp___current_exception  0000000180008168     vcruntime:VCRUNTIME140.dll
 0002:00000170       __imp___std_type_info_destroy_list 0000000180008170     vcruntime:VCRUNTIME140.dll
 0002:00000178       __imp___C_specific_handler 0000000180008178     vcruntime:VCRUNTIME140.dll
 0002:00000180       __imp_memset               0000000180008180     vcruntime:VCRUNTIME140.dll
 0002:00000188       __imp_memmove              0000000180008188     vcruntime:VCRUNTIME140.dll
 0002:00000190       __imp_memcpy               0000000180008190     vcruntime:VCRUNTIME140.dll
 0002:00000198       __imp___std_exception_copy 0000000180008198     vcruntime:VCRUNTIME140.dll
 0002:000001a0       __imp___std_exception_destroy 00000001800081a0     vcruntime:VCRUNTIME140.dll
 0002:000001a8       __imp__CxxThrowException   00000001800081a8     vcruntime:VCRUNTIME140.dll
 0002:000001b0       \177VCRUNTIME140_NULL_THUNK_DATA 00000001800081b0     vcruntime:VCRUNTIME140.dll
 0002:000001b8       __imp___CxxFrameHandler4   00000001800081b8     vcruntime:VCRUNTIME140_1.dll
 0002:000001c0       \177VCRUNTIME140_1_NULL_THUNK_DATA 00000001800081c0     vcruntime:VCRUNTIME140_1.dll
 0002:000001c8       __imp__putenv              00000001800081c8     ucrt:api-ms-win-crt-environment-l1-1-0.dll
 0002:000001d0       __imp_getenv               00000001800081d0     ucrt:api-ms-win-crt-environment-l1-1-0.dll
 0002:000001d8       \177api-ms-win-crt-environment-l1-1-0_NULL_THUNK_DATA 00000001800081d8     ucrt:api-ms-win-crt-environment-l1-1-0.dll
 0002:000001e0       __imp__fullpath            00000001800081e0     ucrt:api-ms-win-crt-filesystem-l1-1-0.dll
 0002:000001e8       __imp__splitpath           00000001800081e8     ucrt:api-ms-win-crt-filesystem-l1-1-0.dll
 0002:000001f0       \177api-ms-win-crt-filesystem-l1-1-0_NULL_THUNK_DATA 00000001800081f0     ucrt:api-ms-win-crt-filesystem-l1-1-0.dll
 0002:000001f8       __imp_free                 00000001800081f8     ucrt:api-ms-win-crt-heap-l1-1-0.dll
 0002:00000200       __imp__callnewh            0000000180008200     ucrt:api-ms-win-crt-heap-l1-1-0.dll
 0002:00000208       __imp_calloc               0000000180008208     ucrt:api-ms-win-crt-heap-l1-1-0.dll
 0002:00000210       __imp_malloc               0000000180008210     ucrt:api-ms-win-crt-heap-l1-1-0.dll
 0002:00000218       \177api-ms-win-crt-heap-l1-1-0_NULL_THUNK_DATA 0000000180008218     ucrt:api-ms-win-crt-heap-l1-1-0.dll
 0002:00000220       __imp_terminate            0000000180008220     ucrt:api-ms-win-crt-runtime-l1-1-0.dll
 0002:00000228       __imp__crt_at_quick_exit   0000000180008228     ucrt:api-ms-win-crt-runtime-l1-1-0.dll
 0002:00000230       __imp__crt_atexit          0000000180008230     ucrt:api-ms-win-crt-runtime-l1-1-0.dll
 0002:00000238       __imp__execute_onexit_table 0000000180008238     ucrt:api-ms-win-crt-runtime-l1-1-0.dll
 0002:00000240       __imp__register_onexit_function 0000000180008240     ucrt:api-ms-win-crt-runtime-l1-1-0.dll
 0002:00000248       __imp__initialize_onexit_table 0000000180008248     ucrt:api-ms-win-crt-runtime-l1-1-0.dll
 0002:00000250       __imp__initialize_narrow_environment 0000000180008250     ucrt:api-ms-win-crt-runtime-l1-1-0.dll
 0002:00000258       __imp__configure_narrow_argv 0000000180008258     ucrt:api-ms-win-crt-runtime-l1-1-0.dll
 0002:00000260       __imp__initterm_e          0000000180008260     ucrt:api-ms-win-crt-runtime-l1-1-0.dll
 0002:00000268       __imp__initterm            0000000180008268     ucrt:api-ms-win-crt-runtime-l1-1-0.dll
 0002:00000270       __imp_abort                0000000180008270     ucrt:api-ms-win-crt-runtime-l1-1-0.dll
 0002:00000278       __imp__cexit               0000000180008278     ucrt:api-ms-win-crt-runtime-l1-1-0.dll
 0002:00000280       __imp__seh_filter_dll      0000000180008280     ucrt:api-ms-win-crt-runtime-l1-1-0.dll
 0002:00000288       __imp__invalid_parameter_noinfo_noreturn 0000000180008288     ucrt:api-ms-win-crt-runtime-l1-1-0.dll
 0002:00000290       \177api-ms-win-crt-runtime-l1-1-0_NULL_THUNK_DATA 0000000180008290     ucrt:api-ms-win-crt-runtime-l1-1-0.dll
 0002:00000298       __guard_check_icall_fptr   0000000180008298     MSVCRT:guard_support.obj
 0002:000002a0       __guard_xfg_check_icall_fptr 00000001800082a0     MSVCRT:guard_support.obj
 0002:000002a8       __guard_dispatch_icall_fptr 00000001800082a8     MSVCRT:guard_support.obj
 0002:000002b0       __guard_xfg_dispatch_icall_fptr 00000001800082b0     MSVCRT:guard_support.obj
 0002:000002b8       __guard_xfg_table_dispatch_icall_fptr 00000001800082b8     MSVCRT:guard_support.obj
 0002:000002c0       __xc_a                     00000001800082c0     MSVCRT:initializers.obj
 0002:000002c8       __xc_z                     00000001800082c8     MSVCRT:initializers.obj
 0002:000002d0       __xi_a                     00000001800082d0     MSVCRT:initializers.obj
 0002:000002d8       __xi_z                     00000001800082d8     MSVCRT:initializers.obj
 0002:000002e0       __xp_a                     00000001800082e0     MSVCRT:initializers.obj
 0002:000002e8       __xp_z                     00000001800082e8     MSVCRT:initializers.obj
 0002:000002f0       __xt_a                     00000001800082f0     MSVCRT:initializers.obj
 0002:000002f8       __xt_z                     00000001800082f8     MSVCRT:initializers.obj
 0002:00000300       ??_C@_0BA@GKCOIPDL@runtime_api?4dll@ 0000000180008300     cppsharedlib_api.obj
 0002:00000318       ??_7exception@std@@6B@     0000000180008318     cppsharedlib_api.obj
 0002:00000328       ??_C@_0BC@EOODALEL@Unknown?5exception@ 0000000180008328     cppsharedlib_api.obj
 0002:00000348       ??_7bad_alloc@std@@6B@     0000000180008348     cppsharedlib_api.obj
 0002:00000360       ??_7bad_array_new_length@std@@6B@ 0000000180008360     cppsharedlib_api.obj
 0002:00000370       ??_C@_0BF@KINCDENJ@bad?5array?5new?5length@ 0000000180008370     cppsharedlib_api.obj
 0002:00000388       ??_C@_0BA@JFNIOLAK@string?5too?5long@ 0000000180008388     cppsharedlib_api.obj
 0002:00000398       ??_C@_00CNPNBAHC@@         0000000180008398     cppsharedlib_api.obj
 0002:0000039c       ??_C@_01KICIPPFI@?2@       000000018000839c     cppsharedlib_api.obj
 0002:000003a0       ??_C@_04HBHDLLBA@PATH@     00000001800083a0     cppsharedlib_api.obj
 0002:000003a8       ??_C@_05HHCOCLGB@PATH?$DN@ 00000001800083a8     cppsharedlib_api.obj
 0002:000003b0       ??_C@_01ICJEACDI@?$DL@     00000001800083b0     cppsharedlib_api.obj
 0002:000003b4       ??_C@_02DJGKEECL@?4?4@     00000001800083b4     cppsharedlib_api.obj
 0002:000003b8       ??_C@_03PDOMKJON@bin@      00000001800083b8     cppsharedlib_api.obj
 0002:000003bc       ??_C@_05IMANJMPM@win64@    00000001800083bc     cppsharedlib_api.obj
 0002:000003c8       ??_C@_0CE@GKEAKGCD@cppruntime_init_mvm_process_ses@ 00000001800083c8     cppsharedlib_api.obj
 0002:000003f0       ??_C@_0CF@ECLAGFHD@cppruntime_create_mvm_instance_@ 00000001800083f0     cppsharedlib_api.obj
 0002:00000418       ??_C@_0BM@MIBPDFOE@cppruntime_get_mvm_instance@ 0000000180008418     cppsharedlib_api.obj
 0002:00000438       ??_C@_0BP@DOKCALBC@cppruntime_create_mvm_instance@ 0000000180008438     cppsharedlib_api.obj
 0002:00000458       ??_C@_0BM@ECNIMKNG@cppruntime_cancel_mvm_async@ 0000000180008458     cppsharedlib_api.obj
 0002:00000478       ??_C@_0BE@CLCBNJFD@cppruntime_wait_mvm@ 0000000180008478     cppsharedlib_api.obj
 0002:00000490       ??_C@_0BM@FDPLNIKK@cppruntime_wait_mvm_forever@ 0000000180008490     cppsharedlib_api.obj
 0002:000004b0       ??_C@_0BO@DHCKGPEN@cppruntime_destroy_mvm_handle@ 00000001800084b0     cppsharedlib_api.obj
 0002:000004d0       ??_C@_0CB@CPCIGJPJ@cppruntime_feval_with_completio@ 00000001800084d0     cppsharedlib_api.obj
 0002:000004f8       ??_C@_0CI@GLBIJCCA@cppruntime_cancel_feval_with_co@ 00000001800084f8     cppsharedlib_api.obj
 0002:00000520       ??_C@_0BP@CHAFAIKD@cppruntime_destroy_task_handle@ 0000000180008520     cppsharedlib_api.obj
[...]
 0002:00001944       $cppxdata$?assign@?$basic_string@_WU?$char_traits@_W@std@@V?$allocator@_W@2@@std@@QEAAAEAV12@_K_W@Z 0000000180009944     cppsharedlib_interface_util.obj
 0002:0000194d       $stateUnwindMap$?assign@?$basic_string@_WU?$char_traits@_W@std@@V?$allocator@_W@2@@std@@QEAAAEAV12@_K_W@Z 000000018000994d     cppsharedlib_interface_util.obj
 0002:00001953       $ip2state$?assign@?$basic_string@_WU?$char_traits@_W@std@@V?$allocator@_W@2@@std@@QEAAAEAV12@_K_W@Z 0000000180009953     cppsharedlib_interface_util.obj
 0002:0000195c       $unwind$?_Tidy_deallocate@?$basic_string@_WU?$char_traits@_W@std@@V?$allocator@_W@2@@std@@AEAAXXZ 000000018000995c     cppsharedlib_interface_util.obj
 0002:0000196c       $cppxdata$?_Tidy_deallocate@?$basic_string@_WU?$char_traits@_W@std@@V?$allocator@_W@2@@std@@AEAAXXZ 000000018000996c     cppsharedlib_interface_util.obj
 0002:00001975       $stateUnwindMap$?_Tidy_deallocate@?$basic_string@_WU?$char_traits@_W@std@@V?$allocator@_W@2@@std@@AEAAXXZ 0000000180009975     cppsharedlib_interface_util.obj
 0002:0000197b       $ip2state$?_Tidy_deallocate@?$basic_string@_WU?$char_traits@_W@std@@V?$allocator@_W@2@@std@@AEAAXXZ 000000018000997b     cppsharedlib_interface_util.obj
 0002:00001980       $unwind$util_utf8_to_utf16 0000000180009980     cppsharedlib_interface_util.obj
 0002:000019a4       $cppxdata$util_utf8_to_utf16 00000001800099a4     cppsharedlib_interface_util.obj
 0002:000019ad       $stateUnwindMap$util_utf8_to_utf16 00000001800099ad     cppsharedlib_interface_util.obj
 0002:000019bb       $ip2state$util_utf8_to_utf16 00000001800099bb     cppsharedlib_interface_util.obj
 0002:000019c8       $unwind$util_utf16_to_utf8 00000001800099c8     cppsharedlib_interface_util.obj
 0002:000019e8       $cppxdata$util_utf16_to_utf8 00000001800099e8     cppsharedlib_interface_util.obj
 0002:000019f5       $stateUnwindMap$util_utf16_to_utf8 00000001800099f5     cppsharedlib_interface_util.obj
 0002:00001a14       $tryMap$util_utf16_to_utf8 0000000180009a14     cppsharedlib_interface_util.obj
 0002:00001a1c       $handlerMap$util_utf16_to_utf8 0000000180009a1c     cppsharedlib_interface_util.obj
 0002:00001a25       $ip2state$util_utf16_to_utf8 0000000180009a25     cppsharedlib_interface_util.obj
 0002:00001a3c       $unwind$util_utf16_to_utf8$catch$23 0000000180009a3c     cppsharedlib_interface_util.obj
 0002:00001a44       $unwind$??0?$vector@_WV?$allocator@_W@std@@@std@@QEAA@_KAEB_WAEBV?$allocator@_W@1@@Z 0000000180009a44     cppsharedlib_interface_util.obj
 0002:00001a54       $chain$1$??0?$vector@_WV?$allocator@_W@std@@@std@@QEAA@_KAEB_WAEBV?$allocator@_W@1@@Z 0000000180009a54     cppsharedlib_interface_util.obj
 0002:00001a6c       $chain$2$??0?$vector@_WV?$allocator@_W@std@@@std@@QEAA@_KAEB_WAEBV?$allocator@_W@1@@Z 0000000180009a6c     cppsharedlib_interface_util.obj
 0002:00001a7c       $unwind$?_Ufill@?$vector@_WV?$allocator@_W@std@@@std@@AEAAPEA_WPEA_W_KAEB_W@Z 0000000180009a7c     cppsharedlib_interface_util.obj
 0002:00001a84       $chain$0$?_Ufill@?$vector@_WV?$allocator@_W@std@@@std@@AEAAPEA_WPEA_W_KAEB_W@Z 0000000180009a84     cppsharedlib_interface_util.obj
 0002:00001a98       $chain$1$?_Ufill@?$vector@_WV?$allocator@_W@std@@@std@@AEAAPEA_WPEA_W_KAEB_W@Z 0000000180009a98     cppsharedlib_interface_util.obj
 0002:00001aa8       $unwind$?_Buy_raw@?$vector@_WV?$allocator@_W@std@@@std@@AEAAX_K@Z 0000000180009aa8     cppsharedlib_interface_util.obj
 0002:00001ab4       $unwind$?_Buy_nonzero@?$vector@_WV?$allocator@_W@std@@@std@@AEAAX_K@Z 0000000180009ab4     cppsharedlib_interface_util.obj
 0002:00001ac0       $unwind$?_Tidy@?$vector@_WV?$allocator@_W@std@@@std@@AEAAXXZ 0000000180009ac0     cppsharedlib_interface_util.obj
 0002:00001ad0       $cppxdata$?_Tidy@?$vector@_WV?$allocator@_W@std@@@std@@AEAAXXZ 0000000180009ad0     cppsharedlib_interface_util.obj
 0002:00001ad9       $stateUnwindMap$?_Tidy@?$vector@_WV?$allocator@_W@std@@@std@@AEAAXXZ 0000000180009ad9     cppsharedlib_interface_util.obj
 0002:00001adf       $ip2state$?_Tidy@?$vector@_WV?$allocator@_W@std@@@std@@AEAAXXZ 0000000180009adf     cppsharedlib_interface_util.obj
 0002:00001ae4       $unwind$?_Xlength@?$vector@_WV?$allocator@_W@std@@@std@@CAXXZ 0000000180009ae4     cppsharedlib_interface_util.obj
 0002:00001aec       $unwind$??$_Construct_n_copies_of_ty@_W@?$vector@_WV?$allocator@_W@std@@@std@@AEAAX_KAEB_W@Z 0000000180009aec     cppsharedlib_interface_util.obj
 0002:00001afc       $chain$0$??$_Construct_n_copies_of_ty@_W@?$vector@_WV?$allocator@_W@std@@@std@@AEAAX_KAEB_W@Z 0000000180009afc     cppsharedlib_interface_util.obj
 0002:00001b10       $chain$1$??$_Construct_n_copies_of_ty@_W@?$vector@_WV?$allocator@_W@std@@@std@@AEAAX_KAEB_W@Z 0000000180009b10     cppsharedlib_interface_util.obj
 0002:00001b24       $chain$2$??$_Construct_n_copies_of_ty@_W@?$vector@_WV?$allocator@_W@std@@@std@@AEAAX_KAEB_W@Z 0000000180009b24     cppsharedlib_interface_util.obj
 0002:00001b34       $chain$3$??$_Construct_n_copies_of_ty@_W@?$vector@_WV?$allocator@_W@std@@@std@@AEAAX_KAEB_W@Z 0000000180009b34     cppsharedlib_interface_util.obj
 0002:00001b44       $unwind$??R<lambda_b316f76599580dcfa601a433435bf0fe>@@QEBA@QEA_W_K_W@Z 0000000180009b44     cppsharedlib_interface_util.obj
 0002:00001b4c       $chain$0$??R<lambda_b316f76599580dcfa601a433435bf0fe>@@QEBA@QEA_W_K_W@Z 0000000180009b4c     cppsharedlib_interface_util.obj
 0002:00001b60       $chain$1$??R<lambda_b316f76599580dcfa601a433435bf0fe>@@QEBA@QEA_W_K_W@Z 0000000180009b60     cppsharedlib_interface_util.obj
 0002:00001b70       $unwind$??$_Reallocate_for@V<lambda_b316f76599580dcfa601a433435bf0fe>@@_W@?$basic_string@_WU?$char_traits@_W@std@@V?$allocator@_W@2@@std@@AEAAAEAV01@_KV<lambda_b316f76599580dcfa601a433435bf0fe>@@_W@Z 0000000180009b70     cppsharedlib_interface_util.obj
 0002:00001b90       $cppxdata$??$_Reallocate_for@V<lambda_b316f76599580dcfa601a433435bf0fe>@@_W@?$basic_string@_WU?$char_traits@_W@std@@V?$allocator@_W@2@@std@@AEAAAEAV01@_KV<lambda_b316f76599580dcfa601a433435bf0fe>@@_W@Z 0000000180009b90     cppsharedlib_interface_util.obj
 0002:00001b99       $stateUnwindMap$??$_Reallocate_for@V<lambda_b316f76599580dcfa601a433435bf0fe>@@_W@?$basic_string@_WU?$char_traits@_W@std@@V?$allocator@_W@2@@std@@AEAAAEAV01@_KV<lambda_b316f76599580dcfa601a433435bf0fe>@@_W@Z 0000000180009b99     cppsharedlib_interface_util.obj
 0002:00001b9f       $ip2state$??$_Reallocate_for@V<lambda_b316f76599580dcfa601a433435bf0fe>@@_W@?$basic_string@_WU?$char_traits@_W@std@@V?$allocator@_W@2@@std@@AEAAAEAV01@_KV<lambda_b316f76599580dcfa601a433435bf0fe>@@_W@Z 0000000180009b9f     cppsharedlib_interface_util.obj
 0002:00001ba8       $unwind$??R<lambda_e1befb086ad3257e3f042a63030725f7>@@QEBA@QEADQEBD_K2D@Z 0000000180009ba8     cppsharedlib_interface_util.obj
 0002:00001bb4       $unwind$??$_Reallocate_grow_by@V<lambda_e1befb086ad3257e3f042a63030725f7>@@_KD@?$basic_string@DU?$char_traits@D@std@@V?$allocator@D@2@@std@@AEAAAEAV01@_KV<lambda_e1befb086ad3257e3f042a63030725f7>@@_KD@Z 0000000180009bb4     cppsharedlib_interface_util.obj
 0002:00001bd8       $cppxdata$??$_Reallocate_grow_by@V<lambda_e1befb086ad3257e3f042a63030725f7>@@_KD@?$basic_string@DU?$char_traits@D@std@@V?$allocator@D@2@@std@@AEAAAEAV01@_KV<lambda_e1befb086ad3257e3f042a63030725f7>@@_KD@Z 0000000180009bd8     cppsharedlib_interface_util.obj
 0002:00001be1       $stateUnwindMap$??$_Reallocate_grow_by@V<lambda_e1befb086ad3257e3f042a63030725f7>@@_KD@?$basic_string@DU?$char_traits@D@std@@V?$allocator@D@2@@std@@AEAAAEAV01@_KV<lambda_e1befb086ad3257e3f042a63030725f7>@@_KD@Z 0000000180009be1     cppsharedlib_interface_util.obj
 0002:00001be7       $ip2state$??$_Reallocate_grow_by@V<lambda_e1befb086ad3257e3f042a63030725f7>@@_KD@?$basic_string@DU?$char_traits@D@std@@V?$allocator@D@2@@std@@AEAAAEAV01@_KV<lambda_e1befb086ad3257e3f042a63030725f7>@@_KD@Z 0000000180009be7     cppsharedlib_interface_util.obj
 0002:00001bf0       $unwind$??$_Uninitialized_fill_n@V?$allocator@_W@std@@@std@@YAPEA_WPEA_W_KAEB_WAEAV?$allocator@_W@0@@Z 0000000180009bf0     cppsharedlib_interface_util.obj
 0002:00001bf8       $chain$0$??$_Uninitialized_fill_n@V?$allocator@_W@std@@@std@@YAPEA_WPEA_W_KAEB_WAEAV?$allocator@_W@0@@Z 0000000180009bf8     cppsharedlib_interface_util.obj
 0002:00001c0c       $chain$1$??$_Uninitialized_fill_n@V?$allocator@_W@std@@@std@@YAPEA_WPEA_W_KAEB_WAEAV?$allocator@_W@0@@Z 0000000180009c0c     cppsharedlib_interface_util.obj
 0002:00001c1c       $unwind$??2@YAPEAX_K@Z     0000000180009c1c     MSVCRT:new_scalar.obj
 0002:00001c28       $xdatasym                  0000000180009c28     MSVCRT:chkstk.obj
 0002:00001c30       $unwind$??_Gtype_info@@UEAAPEAXI@Z 0000000180009c30     MSVCRT:std_type_info_static.obj
 0002:00001c38       $unwind$?dllmain_crt_process_attach@@YAHQEAUHINSTANCE__@@QEAX@Z 0000000180009c38     MSVCRT:dll_dllmain.obj
 0002:00001c74       $unwind$?fin$0@?0??dllmain_crt_process_attach@@YAHQEAUHINSTANCE__@@QEAX@Z@4HA 0000000180009c74     MSVCRT:dll_dllmain.obj
 0002:00001c7c       $unwind$?dllmain_crt_process_detach@@YAH_N@Z 0000000180009c7c     MSVCRT:dll_dllmain.obj
 0002:00001cd0       $unwind$?fin$0@?0??dllmain_crt_process_detach@@YAH_N@Z@4HA 0000000180009cd0     MSVCRT:dll_dllmain.obj
 0002:00001cd8       $unwind$?fin$1@?0??dllmain_crt_process_detach@@YAH_N@Z@4HA 0000000180009cd8     MSVCRT:dll_dllmain.obj
 0002:00001ce0       $unwind$?dllmain_crt_dispatch@@YAHQEAUHINSTANCE__@@KQEAX@Z 0000000180009ce0     MSVCRT:dll_dllmain.obj
 0002:00001ce8       $unwind$?dllmain_dispatch@@YAHQEAUHINSTANCE__@@KQEAX@Z 0000000180009ce8     MSVCRT:dll_dllmain.obj
 0002:00001d10       $unwind$?filt$0@?0??dllmain_dispatch@@YAHQEAUHINSTANCE__@@KQEAX@Z@4HA 0000000180009d10     MSVCRT:dll_dllmain.obj
 0002:00001d18       $unwind$_DllMainCRTStartup 0000000180009d18     MSVCRT:dll_dllmain.obj
 0002:00001d28       $unwind$?__scrt_throw_std_bad_alloc@@YAXXZ 0000000180009d28     MSVCRT:throw_bad_alloc.obj
 0002:00001d30       $unwind$?__scrt_throw_std_bad_array_new_length@@YAXXZ 0000000180009d30     MSVCRT:throw_bad_alloc.obj
 0002:00001d38       $unwind$__security_init_cookie 0000000180009d38     MSVCRT:gs_support.obj
 0002:00001d44       $unwind$__get_entropy      0000000180009d44     MSVCRT:gs_support.obj
 0002:00001d4c       $unwind$__scrt_initialize_default_local_stdio_options 0000000180009d4c     MSVCRT:default_local_stdio_options.obj
 0002:00001d54       $unwind$atexit             0000000180009d54     MSVCRT:utility.obj
 0002:00001d5c       $unwind$_onexit            0000000180009d5c     MSVCRT:utility.obj
 0002:00001d64       $unwind$__scrt_is_nonwritable_in_current_image 0000000180009d64     MSVCRT:utility.obj
 0002:00001d84       $unwind$__scrt_is_nonwritable_in_current_image$filt$0 0000000180009d84     MSVCRT:utility.obj
 0002:00001d8c       $unwind$__scrt_acquire_startup_lock 0000000180009d8c     MSVCRT:utility.obj
 0002:00001d94       $unwind$__scrt_release_startup_lock 0000000180009d94     MSVCRT:utility.obj
 0002:00001d9c       $unwind$__scrt_initialize_crt 0000000180009d9c     MSVCRT:utility.obj
 0002:00001da4       $unwind$__scrt_uninitialize_crt 0000000180009da4     MSVCRT:utility.obj
 0002:00001dac       $unwind$__scrt_initialize_onexit_tables 0000000180009dac     MSVCRT:utility.obj
 0002:00001db4       $unwind$__scrt_dllmain_exception_filter 0000000180009db4     MSVCRT:utility.obj
 0002:00001dc8       $unwind$__scrt_dllmain_before_initialize_c 0000000180009dc8     MSVCRT:utility.obj
 0002:00001dd0       $unwind$__scrt_dllmain_after_initialize_c 0000000180009dd0     MSVCRT:utility.obj
 0002:00001dd8       $unwind$__scrt_dllmain_uninitialize_c 0000000180009dd8     MSVCRT:utility.obj
 0002:00001de0       $unwind$__scrt_dllmain_uninitialize_critical 0000000180009de0     MSVCRT:utility.obj
 0002:00001de8       $unwind$__scrt_dllmain_crt_thread_attach 0000000180009de8     MSVCRT:utility.obj
 0002:00001df0       $unwind$__scrt_dllmain_crt_thread_detach 0000000180009df0     MSVCRT:utility.obj
 0002:00001df8       $unwind$?configure_argv@__scrt_narrow_argv_policy@@SAHXZ 0000000180009df8     MSVCRT:utility.obj
 0002:00001e00       $unwind$__scrt_get_show_window_mode 0000000180009e00     MSVCRT:utility_desktop.obj
 0002:00001e08       $unwind$__scrt_is_managed_app 0000000180009e08     MSVCRT:utility_desktop.obj
 0002:00001e10       $unwind$__scrt_fastfail    0000000180009e10     MSVCRT:utility_desktop.obj
 0002:00001e20       $unwind$__scrt_unhandled_exception_filter 0000000180009e20     MSVCRT:utility_desktop.obj
 0002:00001e2c       $unwind$_RTC_Initialize    0000000180009e2c     MSVCRT:initsect.obj
 0002:00001e38       $unwind$_RTC_Terminate     0000000180009e38     MSVCRT:initsect.obj
 0002:00001e44       $unwind$__castguard_check_failure_os_handled 0000000180009e44     MSVCRT:guard_support.obj
 0002:00001e4c       $unwind$__castguard_slow_path_check_os_handled 0000000180009e4c     MSVCRT:guard_support.obj
 0002:00001e54       $unwind$__isa_available_init 0000000180009e54     MSVCRT:cpu_disp.obj
 0002:00001e68       $xdatasym                  0000000180009e68     MSVCRT:guard_dispatch.obj
 0002:00001e70       $xdatasym                  0000000180009e70     MSVCRT:guard_xfg_dispatch.obj
 0002:00001f70       .edata                     0000000180009f70     libMatlabCppSharedLib.exp
 0002:00001f98       rgpv                       0000000180009f98     libMatlabCppSharedLib.exp
 0002:00001fe8       rgszName                   0000000180009fe8     libMatlabCppSharedLib.exp
 0002:00002038       rgwOrd                     000000018000a038     libMatlabCppSharedLib.exp
 0002:00002060       szName                     000000018000a060     libMatlabCppSharedLib.exp
 0002:0000207e       $N00001                    000000018000a07e     libMatlabCppSharedLib.exp
 0002:000020a8       $N00002                    000000018000a0a8     libMatlabCppSharedLib.exp
 0002:000020c5       $N00003                    000000018000a0c5     libMatlabCppSharedLib.exp
 0002:000020e6       $N00004                    000000018000a0e6     libMatlabCppSharedLib.exp
 0002:00002109       $N00005                    000000018000a109     libMatlabCppSharedLib.exp
 0002:0000212a       $N00006                    000000018000a12a     libMatlabCppSharedLib.exp
 0002:0000214b       $N00007                    000000018000a14b     libMatlabCppSharedLib.exp
 0002:0000216c       $N00008                    000000018000a16c     libMatlabCppSharedLib.exp
 0002:00002190       $N00009                    000000018000a190     libMatlabCppSharedLib.exp
 0002:000021b3       $N00010                    000000018000a1b3     libMatlabCppSharedLib.exp
 0002:000021c9       $N00011                    000000018000a1c9     libMatlabCppSharedLib.exp
 0002:000021dd       $N00012                    000000018000a1dd     libMatlabCppSharedLib.exp
 0002:000021f7       $N00013                    000000018000a1f7     libMatlabCppSharedLib.exp
 0002:0000220e       $N00014                    000000018000a20e     libMatlabCppSharedLib.exp
 0002:00002228       $N00015                    000000018000a228     libMatlabCppSharedLib.exp
 0002:0000223f       $N00016                    000000018000a23f     libMatlabCppSharedLib.exp
 0002:00002252       $N00017                    000000018000a252     libMatlabCppSharedLib.exp
 0002:00002264       $N00018                    000000018000a264     libMatlabCppSharedLib.exp
 0002:00002277       $N00019                    000000018000a277     libMatlabCppSharedLib.exp
 0002:0000228a       $N00020                    000000018000a28a     libMatlabCppSharedLib.exp
 0002:00002696       .idata$6                   000000018000a696     kernel32:KERNEL32.dll
 0002:000029e8       .idata$6                   000000018000a9e8     msvcprt:MSVCP140.dll
 0002:00002af0       .idata$6                   000000018000aaf0     vcruntime:VCRUNTIME140.dll
 0002:00002b02       .idata$6                   000000018000ab02     vcruntime:VCRUNTIME140_1.dll
 0002:00002c8c       .idata$6                   000000018000ac8c     ucrt:api-ms-win-crt-runtime-l1-1-0.dll
 0002:00002cae       .idata$6                   000000018000acae     ucrt:api-ms-win-crt-heap-l1-1-0.dll
 0002:00002cce       .idata$6                   000000018000acce     ucrt:api-ms-win-crt-filesystem-l1-1-0.dll
 0002:00002cf4       .idata$6                   000000018000acf4     ucrt:api-ms-win-crt-environment-l1-1-0.dll
 0003:00000000       ?libengine_name@@3PEBDEB   000000018000b000     cppsharedlib_api.obj
 0003:00000100       ?errMsg@@3PEA_WEA          000000018000b100     cppsharedlib_api.obj
 0003:00000108       ?initMVMProcessSession@@3P6AXAEBV?$vector@V?$basic_string@_SU?$char_traits@_S@std@@V?$allocator@_S@2@@std@@V?$allocator@V?$basic_string@_SU?$char_traits@_S@std@@V?$allocator@_S@2@@std@@@2@@std@@@ZEA 000000018000b108     cppsharedlib_api.obj
 0003:00000110       ?module_path@@3PADA        000000018000b110     cppsharedlib_api.obj
 0003:00000b20       ?runtime_lib_path@@3PADA   000000018000bb20     cppsharedlib_api.obj
 0003:00001528       ?createMVMInstanceAsync@@3P6A_KAEBV?$basic_string@_SU?$char_traits@_S@std@@V?$allocator@_S@2@@std@@0@ZEA 000000018000c528     cppsharedlib_api.obj
 0003:00001530       ?createMVMInstance@@3P6A_KAEBV?$basic_string@_SU?$char_traits@_S@std@@V?$allocator@_S@2@@std@@0@ZEA 000000018000c530     cppsharedlib_api.obj
 0003:00001538       ?engGetOutOfProcessMatlab@@3P6A_K_K@ZEA 000000018000c538     cppsharedlib_api.obj
 0003:00001540       ?engCancelMatlabAsync@@3P6AX_K@ZEA 000000018000c540     cppsharedlib_api.obj
 0003:00001548       ?engWaitMatlab@@3P6A_N_KN@ZEA 000000018000c548     cppsharedlib_api.obj
 0003:00001550       ?engWaitMatlabForever@@3P6AX_K@ZEA 000000018000c550     cppsharedlib_api.obj
 0003:00001558       ?engDestroyMatlabHandle@@3P6AX_K@ZEA 000000018000c558     cppsharedlib_api.obj
 0003:00001560       ?engFEvalWithCompletion@@3P6A_K_KAEBV?$basic_string@DU?$char_traits@D@std@@V?$allocator@D@2@@std@@0_NPEAPEAVArrayImpl@impl@data@matlab@@_KP6AXPEAX423@ZP6AX5424PEBX@Z555P6AX5PEB_S4@ZP6AX5@Z@ZEA 000000018000c560     cppsharedlib_api.obj
 0003:00001568       ?engCancelFevalWithCompletion@@3P6A_N_K_N@ZEA 000000018000c568     cppsharedlib_api.obj
 0003:00001570       ?engDestroyTaskHandle@@3P6AX_K@ZEA 000000018000c570     cppsharedlib_api.obj
 0003:00001578       ?engGetStackTraceNumber@@3P6A_K_K@ZEA 000000018000c578     cppsharedlib_api.obj
 0003:00001580       ?engGetStackTraceMessage@@3P6APEBD_K@ZEA 000000018000c580     cppsharedlib_api.obj
 0003:00001588       ?engGetStackFrameFile@@3P6APEB_S_K0@ZEA 000000018000c588     cppsharedlib_api.obj
 0003:00001590       ?engGetStackFrameFunc@@3P6APEBD_K0@ZEA 000000018000c590     cppsharedlib_api.obj
 0003:00001598       ?engGetStackFrameLine@@3P6A_K_K0@ZEA 000000018000c598     cppsharedlib_api.obj
 0003:000015a0       ?terminateMVMInstance@@3P6AX_K@ZEA 000000018000c5a0     cppsharedlib_api.obj
 0003:000015a8       ?waitForFiguresToClose@@3P6AX_K@ZEA 000000018000c5a8     cppsharedlib_api.obj
 0003:000015b0       ?terminateMVMProcessSession@@3P6AXXZEA 000000018000c5b0     cppsharedlib_api.obj
 0003:000015b8       ?engRunMain@@3P6AHP6AHHPEAPEBD@ZH0@ZEA 000000018000c5b8     cppsharedlib_api.obj
 0003:000015c0       ?engine_handle@@3PEAXEA    000000018000c5c0     cppsharedlib_api.obj
 0003:000015c8       ?sessionFlag@?A0xb86e1bb7@@3Uonce_flag@std@@A 000000018000c5c8     cppsharedlib_api.obj
 0003:000015d0       ?__proc_attached@@3HA      000000018000c5d0     MSVCRT:dll_dllmain.obj
 0003:00001610       ?is_initialized_as_dll@@3_NA 000000018000c610     MSVCRT:utility.obj
 0003:00001611       ?module_local_atexit_table_initialized@@3_NA 000000018000c611     MSVCRT:utility.obj
 0003:00001618       ?module_local_atexit_table@@3U_onexit_table_t@@A 000000018000c618     MSVCRT:utility.obj
 0003:00001630       ?module_local_at_quick_exit_table@@3U_onexit_table_t@@A 000000018000c630     MSVCRT:utility.obj
